Archive member included to satisfy reference by file (symbol)

/usr/lib/gcc/arm-none-eabi/9.2.1/../../../arm-none-eabi/lib/thumb/v7e-m+fp/hard/libc.a(lib_a-abs.o)
                              _build/kobukiActuator.o (abs)
/usr/lib/gcc/arm-none-eabi/9.2.1/../../../arm-none-eabi/lib/thumb/v7e-m+fp/hard/libc.a(lib_a-atexit.o)
                              /usr/lib/gcc/arm-none-eabi/9.2.1/../../../arm-none-eabi/lib/thumb/v7e-m+fp/hard/crt0.o (atexit)
/usr/lib/gcc/arm-none-eabi/9.2.1/../../../arm-none-eabi/lib/thumb/v7e-m+fp/hard/libc.a(lib_a-ctype_.o)
                              _build/nrf_log_str_formatter.o (_ctype_)
/usr/lib/gcc/arm-none-eabi/9.2.1/../../../arm-none-eabi/lib/thumb/v7e-m+fp/hard/libc.a(lib_a-exit.o)
                              /usr/lib/gcc/arm-none-eabi/9.2.1/../../../arm-none-eabi/lib/thumb/v7e-m+fp/hard/crt0.o (exit)
/usr/lib/gcc/arm-none-eabi/9.2.1/../../../arm-none-eabi/lib/thumb/v7e-m+fp/hard/libc.a(lib_a-fini.o)
                              /usr/lib/gcc/arm-none-eabi/9.2.1/../../../arm-none-eabi/lib/thumb/v7e-m+fp/hard/crt0.o (__libc_fini_array)
/usr/lib/gcc/arm-none-eabi/9.2.1/../../../arm-none-eabi/lib/thumb/v7e-m+fp/hard/libc.a(lib_a-impure.o)
                              /usr/lib/gcc/arm-none-eabi/9.2.1/../../../arm-none-eabi/lib/thumb/v7e-m+fp/hard/libc.a(lib_a-exit.o) (_global_impure_ptr)
/usr/lib/gcc/arm-none-eabi/9.2.1/../../../arm-none-eabi/lib/thumb/v7e-m+fp/hard/libc.a(lib_a-init.o)
                              /usr/lib/gcc/arm-none-eabi/9.2.1/../../../arm-none-eabi/lib/thumb/v7e-m+fp/hard/crt0.o (__libc_init_array)
/usr/lib/gcc/arm-none-eabi/9.2.1/../../../arm-none-eabi/lib/thumb/v7e-m+fp/hard/libc.a(lib_a-memcmp.o)
                              _build/nrf_twi_mngr.o (memcmp)
/usr/lib/gcc/arm-none-eabi/9.2.1/../../../arm-none-eabi/lib/thumb/v7e-m+fp/hard/libc.a(lib_a-memcpy.o)
                              _build/kobukiUART.o (memcpy)
/usr/lib/gcc/arm-none-eabi/9.2.1/../../../arm-none-eabi/lib/thumb/v7e-m+fp/hard/libc.a(lib_a-memset.o)
                              /usr/lib/gcc/arm-none-eabi/9.2.1/../../../arm-none-eabi/lib/thumb/v7e-m+fp/hard/crt0.o (memset)
/usr/lib/gcc/arm-none-eabi/9.2.1/../../../arm-none-eabi/lib/thumb/v7e-m+fp/hard/libc.a(lib_a-printf.o)
                              _build/main.o (printf)
/usr/lib/gcc/arm-none-eabi/9.2.1/../../../arm-none-eabi/lib/thumb/v7e-m+fp/hard/libc.a(lib_a-setbuf.o)
                              _build/before_startup.o (setbuf)
/usr/lib/gcc/arm-none-eabi/9.2.1/../../../arm-none-eabi/lib/thumb/v7e-m+fp/hard/libc.a(lib_a-setvbuf.o)
                              /usr/lib/gcc/arm-none-eabi/9.2.1/../../../arm-none-eabi/lib/thumb/v7e-m+fp/hard/libc.a(lib_a-setbuf.o) (setvbuf)
/usr/lib/gcc/arm-none-eabi/9.2.1/../../../arm-none-eabi/lib/thumb/v7e-m+fp/hard/libc.a(lib_a-strcpy.o)
                              _build/SEGGER_RTT.o (strcpy)
/usr/lib/gcc/arm-none-eabi/9.2.1/../../../arm-none-eabi/lib/thumb/v7e-m+fp/hard/libc.a(lib_a-strlen.o)
                              _build/display.o (strlen)
/usr/lib/gcc/arm-none-eabi/9.2.1/../../../arm-none-eabi/lib/thumb/v7e-m+fp/hard/libc.a(lib_a-vfprintf.o)
                              /usr/lib/gcc/arm-none-eabi/9.2.1/../../../arm-none-eabi/lib/thumb/v7e-m+fp/hard/libc.a(lib_a-printf.o) (_vfprintf_r)
/usr/lib/gcc/arm-none-eabi/9.2.1/../../../arm-none-eabi/lib/thumb/v7e-m+fp/hard/libc.a(lib_a-vsnprintf.o)
                              _build/simple_logger.o (vsnprintf)
/usr/lib/gcc/arm-none-eabi/9.2.1/../../../arm-none-eabi/lib/thumb/v7e-m+fp/hard/libc.a(lib_a-wsetup.o)
                              /usr/lib/gcc/arm-none-eabi/9.2.1/../../../arm-none-eabi/lib/thumb/v7e-m+fp/hard/libc.a(lib_a-vfprintf.o) (__swsetup_r)
/usr/lib/gcc/arm-none-eabi/9.2.1/../../../arm-none-eabi/lib/thumb/v7e-m+fp/hard/libc.a(lib_a-__atexit.o)
                              /usr/lib/gcc/arm-none-eabi/9.2.1/../../../arm-none-eabi/lib/thumb/v7e-m+fp/hard/libc.a(lib_a-atexit.o) (__register_exitproc)
/usr/lib/gcc/arm-none-eabi/9.2.1/../../../arm-none-eabi/lib/thumb/v7e-m+fp/hard/libc.a(lib_a-__call_atexit.o)
                              /usr/lib/gcc/arm-none-eabi/9.2.1/../../../arm-none-eabi/lib/thumb/v7e-m+fp/hard/libc.a(lib_a-exit.o) (__call_exitprocs)
/usr/lib/gcc/arm-none-eabi/9.2.1/../../../arm-none-eabi/lib/thumb/v7e-m+fp/hard/libc.a(lib_a-dtoa.o)
                              /usr/lib/gcc/arm-none-eabi/9.2.1/../../../arm-none-eabi/lib/thumb/v7e-m+fp/hard/libc.a(lib_a-vfprintf.o) (_dtoa_r)
/usr/lib/gcc/arm-none-eabi/9.2.1/../../../arm-none-eabi/lib/thumb/v7e-m+fp/hard/libc.a(lib_a-fflush.o)
                              /usr/lib/gcc/arm-none-eabi/9.2.1/../../../arm-none-eabi/lib/thumb/v7e-m+fp/hard/libc.a(lib_a-setvbuf.o) (_fflush_r)
/usr/lib/gcc/arm-none-eabi/9.2.1/../../../arm-none-eabi/lib/thumb/v7e-m+fp/hard/libc.a(lib_a-findfp.o)
                              /usr/lib/gcc/arm-none-eabi/9.2.1/../../../arm-none-eabi/lib/thumb/v7e-m+fp/hard/libc.a(lib_a-setvbuf.o) (__sinit)
[...]
Memory Configuration

Name             Origin             Length             Attributes
FLASH            0x0000000000026000 0x0000000000059000 xr
RAM              0x00000000200098a8 0x0000000000006758 xrw
bootloader_settings_page 0x000000000007f000 0x0000000000001000 r
uicr_bootloader_start_address 0x0000000010001014 0x0000000000000004 r
*default*        0x0000000000000000 0xffffffffffffffff

Linker script and memory map


.text           0x0000000000026000     0xd330
 *(.isr_vector)
 .isr_vector    0x0000000000026000      0x200 _build/gcc_startup_nrf52.os
                0x0000000000026000                __isr_vector
 *(.text*)
 .text          0x0000000000026200       0x88 /usr/lib/gcc/arm-none-eabi/9.2.1/thumb/v7e-m+fp/hard/crtbegin.o
 .text          0x0000000000026288       0x70 /usr/lib/gcc/arm-none-eabi/9.2.1/../../../arm-none-eabi/lib/thumb/v7e-m+fp/hard/crt0.o
                0x0000000000026288                _stack_init
                0x0000000000026290                _mainCRTStartup
                0x0000000000026290                _start
 .text.ble_evt_write
                0x00000000000262f8       0xb8 _build/main.o
                0x00000000000262f8                ble_evt_write
 .text.startup.main
                0x00000000000263b0       0xcc _build/main.o
                0x00000000000263b0                main
 .text.nrf_drv_spi_transfer.constprop.0
                0x000000000002647c       0x1c _build/display.o
 .text.nrf_delay_ms.part.0.constprop.0
                0x0000000000026498       0x1c _build/display.o
 .text.display_init
                0x00000000000264b4       0xf0 _build/display.o
                0x00000000000264b4                display_init
 .text.display_write
                0x00000000000265a4       0xa4 _build/display.o
                0x00000000000265a4                display_write
 .text.nrf_delay_ms.part.0
                0x0000000000026648       0x1c _build/better_error_handling.o
 .text.app_error_fault_handler
                0x0000000000026664      0x12c _build/better_error_handling.o
                0x0000000000026664                app_error_fault_handler
 .text.HardFault_process
                0x0000000000026790       0x9a _build/better_error_handling.o
                0x0000000000026790                HardFault_process
 .text._GetAvailWriteSpace
                0x000000000002682a       0x1c _build/SEGGER_RTT.o
 .text._WriteNoCheck
                0x0000000000026846       0x38 _build/SEGGER_RTT.o
 .text._WriteBlocking
                0x000000000002687e       0x52 _build/SEGGER_RTT.o
 .text._DoInit  0x00000000000268d0       0x60 _build/SEGGER_RTT.o
 .text.SEGGER_RTT_WriteNoLock
                0x0000000000026930       0x68 _build/SEGGER_RTT.o
                0x0000000000026930                SEGGER_RTT_WriteNoLock
 .text.SEGGER_RTT_Write
                0x0000000000026998       0x40 _build/SEGGER_RTT.o
                0x0000000000026998                SEGGER_RTT_Write
 .text._write_r
                0x00000000000269d8       0x12 _build/SEGGER_RTT_Syscalls_GCC.o
                0x00000000000269d8                _write_r
 .text.app_error_handler
                0x00000000000269ea       0x1a _build/app_error_handler_gcc.o
                0x00000000000269ea                app_error_handler
 .text.user_op_alloc
                0x0000000000026a04       0x2c _build/app_timer.o
 .text.timer_stop_op_schedule
                0x0000000000026a30       0x50 _build/app_timer.o
 .text.nrfx_coredep_delay_us.part.0.constprop.0
                0x0000000000026a80       0x10 _build/app_timer.o
 .text.RTC1_IRQHandler
                0x0000000000026a90       0x9c _build/app_timer.o
                0x0000000000026a90                RTC1_IRQHandler
 .text.SWI0_EGU0_IRQHandler
                0x0000000000026b2c      0x2b8 _build/app_timer.o
                0x0000000000026b2c                SWI0_EGU0_IRQHandler
 .text.app_timer_init
                0x0000000000026de4       0x88 _build/app_timer.o
                0x0000000000026de4                app_timer_init
 .text.app_timer_create
                0x0000000000026e6c       0x24 _build/app_timer.o
                0x0000000000026e6c                app_timer_create
 .text.app_timer_start
                0x0000000000026e90       0x90 _build/app_timer.o
                0x0000000000026e90                app_timer_start
 .text.app_timer_stop
                0x0000000000026f20       0x20 _build/app_timer.o
                0x0000000000026f20                app_timer_stop
 .text.privilege_level_get
                0x0000000000026f40       0x1a _build/app_util_platform.o
                0x0000000000026f40                privilege_level_get
 *fill*         0x0000000000026f5a        0x2 
 .text.app_util_critical_region_enter
                0x0000000000026f5c       0x60 _build/app_util_platform.o
                0x0000000000026f5c                app_util_critical_region_enter
 .text.app_util_critical_region_exit
                0x0000000000026fbc       0x40 _build/app_util_platform.o
                0x0000000000026fbc                app_util_critical_region_exit
 .text.startup.called_first
                0x0000000000026ffc       0x10 _build/before_startup.o
                0x0000000000026ffc                called_first
 .text.HardFault_Handler
                0x000000000002700c       0x34 _build/hardfault_handler_gcc.o
                0x000000000002700c                HardFault_Handler
 .text.HardFault_c_handler
                0x0000000000027040      0x104 _build/hardfault_implementation.o
                0x0000000000027040                HardFault_c_handler
 .text.nrf_atomic_u32_fetch_store
                0x0000000000027144       0x16 _build/nrf_atomic.o
                0x0000000000027144                nrf_atomic_u32_fetch_store
 .text.nrf_atomic_u32_or
                0x000000000002715a       0x18 _build/nrf_atomic.o
                0x000000000002715a                nrf_atomic_u32_or
 .text.nrf_atomic_u32_fetch_and
                0x0000000000027172       0x18 _build/nrf_atomic.o
                0x0000000000027172                nrf_atomic_u32_fetch_and
 .text.nrf_atomic_u32_add
                0x000000000002718a       0x18 _build/nrf_atomic.o
                0x000000000002718a                nrf_atomic_u32_add
 .text.nrf_atomic_u32_sub
                0x00000000000271a2       0x18 _build/nrf_atomic.o
                0x00000000000271a2                nrf_atomic_u32_sub
 .text.nrf_atomic_flag_set
                0x00000000000271ba        0x6 _build/nrf_atomic.o
                0x00000000000271ba                nrf_atomic_flag_set
 .text.nrf_atomic_flag_clear_fetch
                0x00000000000271c0        0x6 _build/nrf_atomic.o
                0x00000000000271c0                nrf_atomic_flag_clear_fetch
 *fill*         0x00000000000271c6        0x2 
 .text.nrf_balloc_alloc
                0x00000000000271c8       0x5c _build/nrf_balloc.o
                0x00000000000271c8                nrf_balloc_alloc
 .text.nrf_balloc_free
                0x0000000000027224       0x50 _build/nrf_balloc.o
                0x0000000000027224                nrf_balloc_free
 .text.clock_clk_started_notify
                0x0000000000027274       0x24 _build/nrf_drv_clock.o
 .text.clock_irq_handler
                0x0000000000027298       0x1c _build/nrf_drv_clock.o
 .text.soc_evt_handler
                0x00000000000272b4       0x14 _build/nrf_drv_clock.o
 .text.nrf_drv_clock_init
                0x00000000000272c8       0x38 _build/nrf_drv_clock.o
                0x00000000000272c8                nrf_drv_clock_init
 .text.nrf_drv_clock_lfclk_release
                0x0000000000027300       0x64 _build/nrf_drv_clock.o
                0x0000000000027300                nrf_drv_clock_lfclk_release
 .text.sd_state_evt_handler
                0x0000000000027364       0x6c _build/nrf_drv_clock.o
 .text.spim_evt_handler
                0x00000000000273d0       0x3c _build/nrf_drv_spi.o
 .text.nrf_drv_spi_init
                0x000000000002740c       0x64 _build/nrf_drv_spi.o
                0x000000000002740c                nrf_drv_spi_init
 .text.invalid_packets_omit
                0x0000000000027470       0x3a _build/nrf_log_frontend.o
 *fill*         0x00000000000274aa        0x2 
 .text.buf_prealloc
                0x00000000000274ac      0x14c _build/nrf_log_frontend.o
 .text.buffer_is_empty
                0x00000000000275f8       0x14 _build/nrf_log_frontend.o
                0x00000000000275f8                buffer_is_empty
 .text.nrf_log_frontend_dequeue
                0x000000000002760c      0x220 _build/nrf_log_frontend.o
                0x000000000002760c                nrf_log_frontend_dequeue
 .text.std_n    0x000000000002782c       0xb8 _build/nrf_log_frontend.o
 .text.nrf_log_frontend_std_0
                0x00000000000278e4        0x8 _build/nrf_log_frontend.o
                0x00000000000278e4                nrf_log_frontend_std_0
 .text.nrf_log_frontend_std_1
                0x00000000000278ec       0x12 _build/nrf_log_frontend.o
                0x00000000000278ec                nrf_log_frontend_std_1
 .text.nrf_log_frontend_std_2
                0x00000000000278fe       0x14 _build/nrf_log_frontend.o
                0x00000000000278fe                nrf_log_frontend_std_2
 .text.nrf_log_frontend_std_3
                0x0000000000027912       0x18 _build/nrf_log_frontend.o
                0x0000000000027912                nrf_log_frontend_std_3
 .text.nrf_log_frontend_std_4
                0x000000000002792a       0x1c _build/nrf_log_frontend.o
                0x000000000002792a                nrf_log_frontend_std_4
 *fill*         0x0000000000027946        0x2 
 .text.nrf_log_panic
                0x0000000000027948       0x2c _build/nrf_log_frontend.o
                0x0000000000027948                nrf_log_panic
 .text.memobj_op
                0x0000000000027974       0xa8 _build/nrf_memobj.o
 .text.nrf_memobj_free
                0x0000000000027a1c       0x2c _build/nrf_memobj.o
                0x0000000000027a1c                nrf_memobj_free
 .text.nrf_memobj_alloc
                0x0000000000027a48       0x5e _build/nrf_memobj.o
                0x0000000000027a48                nrf_memobj_alloc
 .text.nrf_memobj_get
                0x0000000000027aa6        0x8 _build/nrf_memobj.o
                0x0000000000027aa6                nrf_memobj_get
 .text.nrf_memobj_put
                0x0000000000027aae       0x1e _build/nrf_memobj.o
                0x0000000000027aae                nrf_memobj_put
 .text.nrf_memobj_write
                0x0000000000027acc       0x28 _build/nrf_memobj.o
                0x0000000000027acc                nrf_memobj_write
 .text.nrf_pwr_mgmt_init
                0x0000000000027af4       0x2c _build/nrf_pwr_mgmt.o
                0x0000000000027af4                nrf_pwr_mgmt_init
 .text.nrf_section_iter_init
                0x0000000000027b20       0x30 _build/nrf_section_iter.o
                0x0000000000027b20                nrf_section_iter_init
 .text.nrf_section_iter_next
                0x0000000000027b50       0x38 _build/nrf_section_iter.o
                0x0000000000027b50                nrf_section_iter_next
 .text.nrf_strerror_find
                0x0000000000027b88       0x3c _build/nrf_strerror.o
                0x0000000000027b88                nrf_strerror_find
 .text.nrf_strerror_get
                0x0000000000027bc4       0x14 _build/nrf_strerror.o
                0x0000000000027bc4                nrf_strerror_get
 .text.nrfx_clock_init
                0x0000000000027bd8       0x28 _build/nrfx_clock.o
                0x0000000000027bd8                nrfx_clock_init
 .text.nrfx_clock_enable
                0x0000000000027c00       0x3c _build/nrfx_clock.o
                0x0000000000027c00                nrfx_clock_enable
 .text.nrfx_clock_lfclk_stop
                0x0000000000027c3c       0x30 _build/nrfx_clock.o
                0x0000000000027c3c                nrfx_clock_lfclk_stop
 .text.POWER_CLOCK_IRQHandler
                0x0000000000027c6c       0x64 _build/nrfx_clock.o
                0x0000000000027c6c                POWER_CLOCK_IRQHandler
 .text.nrf_gpiote_event_clear
                0x0000000000027cd0       0x18 _build/nrfx_gpiote.o
 .text.channel_free
                0x0000000000027ce8       0x1c _build/nrfx_gpiote.o
 .text.nrf_gpio_pin_port_decode.isra.0.part.0
                0x0000000000027d04       0x10 _build/nrfx_gpiote.o
 .text.nrf_gpio_cfg_sense_set
                0x0000000000027d14       0x2e _build/nrfx_gpiote.o
 *fill*         0x0000000000027d42        0x2 
 .text.nrfx_gpiote_init
                0x0000000000027d44       0x70 _build/nrfx_gpiote.o
                0x0000000000027d44                nrfx_gpiote_init
 .text.nrfx_gpiote_is_init
                0x0000000000027db4       0x14 _build/nrfx_gpiote.o
                0x0000000000027db4                nrfx_gpiote_is_init
 .text.nrfx_gpiote_out_init
                0x0000000000027dc8      0x11c _build/nrfx_gpiote.o
                0x0000000000027dc8                nrfx_gpiote_out_init
 .text.nrfx_gpiote_out_set
                0x0000000000027ee4       0x5c _build/nrfx_gpiote.o
                0x0000000000027ee4                nrfx_gpiote_out_set
 .text.nrfx_gpiote_out_clear
                0x0000000000027f40       0x5c _build/nrfx_gpiote.o
                0x0000000000027f40                nrfx_gpiote_out_clear
 .text.GPIOTE_IRQHandler
                0x0000000000027f9c      0x198 _build/nrfx_gpiote.o
                0x0000000000027f9c                GPIOTE_IRQHandler
 .text.UARTE0_UART0_IRQHandler
                0x0000000000028134       0x20 _build/nrfx_prs.o
                0x0000000000028134                UARTE0_UART0_IRQHandler
 .text.nrfx_prs_acquire
                0x0000000000028154       0x50 _build/nrfx_prs.o
                0x0000000000028154                nrfx_prs_acquire
 .text.nrf_pwm_event_clear
                0x00000000000281a4       0x10 _build/nrfx_pwm.o
 .text.irq_handler
                0x00000000000281b4       0x80 _build/nrfx_pwm.o
 .text.PWM0_IRQHandler
                0x0000000000028234       0x10 _build/nrfx_pwm.o
                0x0000000000028234                PWM0_IRQHandler
 .text.PWM1_IRQHandler
                0x0000000000028244       0x10 _build/nrfx_pwm.o
                0x0000000000028244                PWM1_IRQHandler
 .text.PWM2_IRQHandler
                0x0000000000028254       0x10 _build/nrfx_pwm.o
                0x0000000000028254                PWM2_IRQHandler
 .text.nrf_saadc_event_clear
                0x0000000000028264       0x18 _build/nrfx_saadc.o
 .text.SAADC_IRQHandler
                0x000000000002827c      0x160 _build/nrfx_saadc.o
                0x000000000002827c                SAADC_IRQHandler
 .text.nrf_gpio_pin_port_decode.isra.0.part.0
                0x00000000000283dc       0x10 _build/nrfx_spim.o
 .text.nrf_gpio_pin_clear
                0x00000000000283ec       0x1c _build/nrfx_spim.o
 .text.nrf_gpio_pin_set
                0x0000000000028408       0x1c _build/nrfx_spim.o
 .text.SPIM1_SPIS1_TWIM1_TWIS1_SPI1_TWI1_IRQHandler
                0x0000000000028424       0x64 _build/nrfx_spim.o
                0x0000000000028424                SPIM1_SPIS1_TWIM1_TWIS1_SPI1_TWI1_IRQHandler
 .text.nrfx_spim_init
                0x0000000000028488      0x21c _build/nrfx_spim.o
                0x0000000000028488                nrfx_spim_init
 .text.nrfx_spim_xfer
                0x00000000000286a4      0x170 _build/nrfx_spim.o
                0x00000000000286a4                nrfx_spim_xfer
 .text.irq_handler.constprop.0
                0x0000000000028814       0x4c _build/nrfx_timer.o
 .text.TIMER0_IRQHandler
                0x0000000000028860       0x10 _build/nrfx_timer.o
                0x0000000000028860                TIMER0_IRQHandler
 .text.TIMER1_IRQHandler
                0x0000000000028870       0x10 _build/nrfx_timer.o
                0x0000000000028870                TIMER1_IRQHandler
 .text.nrf_twim_event_clear
                0x0000000000028880       0x10 _build/nrfx_twim.o
 .text.SPIM0_SPIS0_TWIM0_TWIS0_SPI0_TWI0_IRQHandler
                0x0000000000028890      0x154 _build/nrfx_twim.o
                0x0000000000028890                SPIM0_SPIS0_TWIM0_TWIS0_SPI0_TWI0_IRQHandler
 .text.sd_ble_gap_addr_get
                0x00000000000289e4        0x4 _build/ble_advdata.o
 .text.sd_ble_gap_appearance_get
                0x00000000000289e8        0x4 _build/ble_advdata.o
 .text.sd_ble_gap_device_name_get
                0x00000000000289ec        0x4 _build/ble_advdata.o
 .text.sd_ble_uuid_encode
                0x00000000000289f0        0x4 _build/ble_advdata.o
 .text.uuid_list_sized_encode
                0x00000000000289f4       0xac _build/ble_advdata.o
 .text.uuid_list_encode
                0x0000000000028aa0       0x38 _build/ble_advdata.o
 .text.ble_advdata_encode
                0x0000000000028ad8      0x394 _build/ble_advdata.o
                0x0000000000028ad8                ble_advdata_encode
 .text.ble_advdata_search
                0x0000000000028e6c       0x38 _build/ble_advdata.o
                0x0000000000028e6c                ble_advdata_search
 .text.ble_advdata_parse
                0x0000000000028ea4       0x20 _build/ble_advdata.o
                0x0000000000028ea4                ble_advdata_parse
 .text.sd_ble_gap_adv_set_configure
                0x0000000000028ec4        0x4 _build/ble_advertising.o
 .text.sd_ble_gap_adv_start
                0x0000000000028ec8        0x4 _build/ble_advertising.o
 .text.flags_set
                0x0000000000028ecc       0x2c _build/ble_advertising.o
 .text.ble_advertising_conn_cfg_tag_set
                0x0000000000028ef8        0x6 _build/ble_advertising.o
                0x0000000000028ef8                ble_advertising_conn_cfg_tag_set
 .text.ble_advertising_init
                0x0000000000028efe       0xfe _build/ble_advertising.o
                0x0000000000028efe                ble_advertising_init
 .text.ble_advertising_start
                0x0000000000028ffc      0x21a _build/ble_advertising.o
                0x0000000000028ffc                ble_advertising_start
 .text.ble_advertising_on_ble_evt
                0x0000000000029216       0x6a _build/ble_advertising.o
                0x0000000000029216                ble_advertising_on_ble_evt
 .text.ble_advertising_on_sys_evt
                0x0000000000029280        0x2 _build/ble_advertising.o
                0x0000000000029280                ble_advertising_on_sys_evt
 .text.sd_ble_gap_conn_param_update
                0x0000000000029282        0x4 _build/ble_conn_params.o
 .text.sd_ble_gap_disconnect
                0x0000000000029286        0x4 _build/ble_conn_params.o
 .text.sd_ble_gap_ppcp_set
                0x000000000002928a        0x4 _build/ble_conn_params.o
 .text.sd_ble_gap_ppcp_get
                0x000000000002928e        0x4 _build/ble_conn_params.o
 *fill*         0x0000000000029292        0x2 
 .text.instance_get
                0x0000000000029294       0x14 _build/ble_conn_params.o
 .text.send_error_evt
                0x00000000000292a8       0x10 _build/ble_conn_params.o
 .text.update_timeout_handler
                0x00000000000292b8       0x6c _build/ble_conn_params.o
 .text.conn_params_negotiation
                0x0000000000029324       0x48 _build/ble_conn_params.o
 .text.is_conn_params_ok.constprop.0
                0x000000000002936c       0x34 _build/ble_conn_params.o
 .text.ble_evt_handler
                0x00000000000293a0       0xe0 _build/ble_conn_params.o
 .text.ble_conn_params_init
                0x0000000000029480       0x74 _build/ble_conn_params.o
                0x0000000000029480                ble_conn_params_init
 .text.ble_srv_is_notification_enabled
                0x00000000000294f4        0x8 _build/ble_srv_common.o
                0x00000000000294f4                ble_srv_is_notification_enabled
 .text.sd_ble_gap_data_length_update
                0x00000000000294fc        0x4 _build/nrf_ble_gatt.o
 .text.sd_ble_gattc_exchange_mtu_request
                0x0000000000029500        0x4 _build/nrf_ble_gatt.o
 .text.sd_ble_gatts_exchange_mtu_reply
                0x0000000000029504        0x4 _build/nrf_ble_gatt.o
 .text.data_length_update
                0x0000000000029508       0x80 _build/nrf_ble_gatt.o
 .text.nrf_ble_gatt_init
                0x0000000000029588       0x28 _build/nrf_ble_gatt.o
                0x0000000000029588                nrf_ble_gatt_init
 .text.nrf_ble_gatt_on_ble_evt
                0x00000000000295b0      0x198 _build/nrf_ble_gatt.o
                0x00000000000295b0                nrf_ble_gatt_on_ble_evt
 .text.sd_ble_gatts_rw_authorize_reply
                0x0000000000029748        0x4 _build/nrf_ble_qwr.o
 .text.sd_ble_user_mem_reply
                0x000000000002974c        0x4 _build/nrf_ble_qwr.o
 .text.user_mem_reply.part.0
                0x0000000000029750       0x24 _build/nrf_ble_qwr.o
 .text.nrf_ble_qwr_init
                0x0000000000029774       0x24 _build/nrf_ble_qwr.o
                0x0000000000029774                nrf_ble_qwr_init
 .text.nrf_ble_qwr_conn_handle_assign
                0x0000000000029798       0x16 _build/nrf_ble_qwr.o
                0x0000000000029798                nrf_ble_qwr_conn_handle_assign
 .text.nrf_ble_qwr_on_ble_evt
                0x00000000000297ae       0xa0 _build/nrf_ble_qwr.o
                0x00000000000297ae                nrf_ble_qwr_on_ble_evt
 .text.sd_softdevice_enable
                0x000000000002984e        0x4 _build/nrf_sdh.o
 *fill*         0x0000000000029852        0x2 
 .text.sdh_request_observer_notify
                0x0000000000029854       0x30 _build/nrf_sdh.o
 .text.sdh_state_observer_notify
                0x0000000000029884       0x28 _build/nrf_sdh.o
 .text.softdevices_evt_irq_enable
                0x00000000000298ac       0x40 _build/nrf_sdh.o
 .text.nrf_sdh_enable_request
                0x00000000000298ec       0x7c _build/nrf_sdh.o
                0x00000000000298ec                nrf_sdh_enable_request
 .text.nrf_sdh_is_enabled
                0x0000000000029968        0xc _build/nrf_sdh.o
                0x0000000000029968                nrf_sdh_is_enabled
 .text.nrf_sdh_evts_poll
                0x0000000000029974       0x28 _build/nrf_sdh.o
                0x0000000000029974                nrf_sdh_evts_poll
 .text.SWI2_EGU2_IRQHandler
                0x000000000002999c        0x4 _build/nrf_sdh.o
                0x000000000002999c                SWI2_EGU2_IRQHandler
 .text.sd_ble_enable
                0x00000000000299a0        0x4 _build/nrf_sdh_ble.o
 .text.sd_ble_cfg_set
                0x00000000000299a4        0x4 _build/nrf_sdh_ble.o
 .text.sd_ble_evt_get
                0x00000000000299a8        0x4 _build/nrf_sdh_ble.o
 .text.nrf_sdh_ble_evts_poll.part.0
                0x00000000000299ac       0x58 _build/nrf_sdh_ble.o
 .text.nrf_sdh_ble_evts_poll
                0x0000000000029a04       0x10 _build/nrf_sdh_ble.o
 .text.nrf_sdh_ble_default_cfg_set
                0x0000000000029a14      0x1a4 _build/nrf_sdh_ble.o
                0x0000000000029a14                nrf_sdh_ble_default_cfg_set
 .text.nrf_sdh_ble_enable
                0x0000000000029bb8       0x98 _build/nrf_sdh_ble.o
                0x0000000000029bb8                nrf_sdh_ble_enable
 .text.sd_ble_gap_addr_set
                0x0000000000029c50        0x4 _build/simple_ble.o
 .text.sd_ble_gap_addr_get
                0x0000000000029c54        0x4 _build/simple_ble.o
 .text.sd_ble_gap_adv_set_configure
                0x0000000000029c58        0x4 _build/simple_ble.o
 .text.sd_ble_gap_adv_stop
                0x0000000000029c5c        0x4 _build/simple_ble.o
 .text.sd_ble_gap_disconnect
                0x0000000000029c60        0x4 _build/simple_ble.o
 .text.sd_ble_gap_appearance_set
                0x0000000000029c64        0x4 _build/simple_ble.o
 .text.sd_ble_gap_ppcp_set
                0x0000000000029c68        0x4 _build/simple_ble.o
 .text.sd_ble_gap_device_name_set
                0x0000000000029c6c        0x4 _build/simple_ble.o
 .text.sd_ble_gap_sec_params_reply
                0x0000000000029c70        0x4 _build/simple_ble.o
 .text.sd_ble_gap_sec_info_reply
                0x0000000000029c74        0x4 _build/simple_ble.o
 .text.sd_ble_gap_scan_start
                0x0000000000029c78        0x4 _build/simple_ble.o
 .text.sd_ble_gap_phy_update
                0x0000000000029c7c        0x4 _build/simple_ble.o
 .text.sd_ble_gatts_service_add
                0x0000000000029c80        0x4 _build/simple_ble.o
 .text.sd_ble_gatts_characteristic_add
                0x0000000000029c84        0x4 _build/simple_ble.o
 .text.sd_ble_gatts_sys_attr_set
                0x0000000000029c88        0x4 _build/simple_ble.o
 .text.sd_ble_uuid_vs_add
                0x0000000000029c8c        0x4 _build/simple_ble.o
 .text.sd_power_system_off
                0x0000000000029c90        0x4 _build/simple_ble.o
 .text.sd_app_evt_wait
                0x0000000000029c94        0x4 _build/simple_ble.o
 .text.on_adv_evt
                0x0000000000029c98        0x2 _build/simple_ble.o
 *fill*         0x0000000000029c9a        0x2 
 .text.on_ble_evt
                0x0000000000029c9c      0x234 _build/simple_ble.o
 .text.conn_params_error_handler
                0x0000000000029ed0       0x10 _build/simple_ble.o
 .text.on_conn_params_evt
                0x0000000000029ee0       0x24 _build/simple_ble.o
 .text.qwr_error_handler
                0x0000000000029f04       0x10 _build/simple_ble.o
 .text.assert_nrf_callback
                0x0000000000029f14       0x24 _build/simple_ble.o
                0x0000000000029f14                assert_nrf_callback
 .text.ble_address_set
                0x0000000000029f38       0x6c _build/simple_ble.o
                0x0000000000029f38                ble_address_set
 .text.ble_stack_init
                0x0000000000029fa4       0x4c _build/simple_ble.o
                0x0000000000029fa4                ble_stack_init
 .text.gap_params_init
                0x0000000000029ff0       0x80 _build/simple_ble.o
                0x0000000000029ff0                gap_params_init
 .text.advertising_init
                0x000000000002a070       0x6c _build/simple_ble.o
                0x000000000002a070                advertising_init
 .text.conn_params_init
                0x000000000002a0dc       0x58 _build/simple_ble.o
                0x000000000002a0dc                conn_params_init
 .text.services_init
                0x000000000002a134       0x2c _build/simple_ble.o
                0x000000000002a134                services_init
 .text.initialize_app_timer
                0x000000000002a160       0x18 _build/simple_ble.o
                0x000000000002a160                initialize_app_timer
 .text.advertising_start
                0x000000000002a178       0x24 _build/simple_ble.o
                0x000000000002a178                advertising_start
 .text.advertising_stop
                0x000000000002a19c       0x28 _build/simple_ble.o
                0x000000000002a19c                advertising_stop
 .text.power_manage
                0x000000000002a1c4       0x18 _build/simple_ble.o
                0x000000000002a1c4                power_manage
 .text.simple_ble_init
                0x000000000002a1dc       0xc0 _build/simple_ble.o
                0x000000000002a1dc                simple_ble_init
 .text.simple_ble_add_service
                0x000000000002a29c       0x48 _build/simple_ble.o
                0x000000000002a29c                simple_ble_add_service
 .text.simple_ble_add_characteristic
                0x000000000002a2e4      0x118 _build/simple_ble.o
                0x000000000002a2e4                simple_ble_add_characteristic
 .text.simple_ble_is_char_event
                0x000000000002a3fc        0xc _build/simple_ble.o
                0x000000000002a3fc                simple_ble_is_char_event
 .text.simple_ble_adv_only_name
                0x000000000002a408       0x74 _build/simple_ble.o
                0x000000000002a408                simple_ble_adv_only_name
 .text.errata_12
                0x000000000002a47c       0x40 _build/system_nrf52.o
 .text.errata_16
                0x000000000002a4bc       0x34 _build/system_nrf52.o
 .text.SystemInit
                0x000000000002a4f0      0x25c _build/system_nrf52.o
                0x000000000002a4f0                SystemInit
 .text          0x000000000002a74c       0x3c _build/gcc_startup_nrf52.os
                0x000000000002a74c                Reset_Handler
                0x000000000002a774                NMI_Handler
                0x000000000002a778                MemoryManagement_Handler
                0x000000000002a77a                BusFault_Handler
                0x000000000002a77c                UsageFault_Handler
                0x000000000002a77e                SVC_Handler
                0x000000000002a780                DebugMon_Handler
                0x000000000002a782                PendSV_Handler
                0x000000000002a784                SysTick_Handler
                0x000000000002a786                TIMER2_IRQHandler
                0x000000000002a786                RTC0_IRQHandler
                0x000000000002a786                RADIO_IRQHandler
                0x000000000002a786                PDM_IRQHandler
                0x000000000002a786                TEMP_IRQHandler
                0x000000000002a786                QDEC_IRQHandler
                0x000000000002a786                TIMER3_IRQHandler
                0x000000000002a786                FPU_IRQHandler
                0x000000000002a786                TIMER4_IRQHandler
                0x000000000002a786                I2S_IRQHandler
                0x000000000002a786                SWI4_EGU4_IRQHandler
                0x000000000002a786                ECB_IRQHandler
                0x000000000002a786                Default_Handler
                0x000000000002a786                CCM_AAR_IRQHandler
                0x000000000002a786                WDT_IRQHandler
                0x000000000002a786                SWI5_EGU5_IRQHandler
                0x000000000002a786                RNG_IRQHandler
                0x000000000002a786                RTC2_IRQHandler
                0x000000000002a786                SWI3_EGU3_IRQHandler
                0x000000000002a786                SWI1_EGU1_IRQHandler
                0x000000000002a786                SPIM2_SPIS2_SPI2_IRQHandler
                0x000000000002a786                NFCT_IRQHandler
                0x000000000002a786                MWU_IRQHandler
                0x000000000002a786                COMP_LPCOMP_IRQHandler
 .text          0x000000000002a788        0xc /usr/lib/gcc/arm-none-eabi/9.2.1/../../../arm-none-eabi/lib/thumb/v7e-m+fp/hard/libc.a(lib_a-atexit.o)
                0x000000000002a788                atexit
 .text          0x000000000002a794       0x20 /usr/lib/gcc/arm-none-eabi/9.2.1/../../../arm-none-eabi/lib/thumb/v7e-m+fp/hard/libc.a(lib_a-exit.o)
                0x000000000002a794                exit
 .text          0x000000000002a7b4       0x34 /usr/lib/gcc/arm-none-eabi/9.2.1/../../../arm-none-eabi/lib/thumb/v7e-m+fp/hard/libc.a(lib_a-fini.o)
                0x000000000002a7b4                __libc_fini_array
 .text          0x000000000002a7e8       0x48 /usr/lib/gcc/arm-none-eabi/9.2.1/../../../arm-none-eabi/lib/thumb/v7e-m+fp/hard/libc.a(lib_a-init.o)
                0x000000000002a7e8                __libc_init_array
 .text          0x000000000002a830      0x134 /usr/lib/gcc/arm-none-eabi/9.2.1/../../../arm-none-eabi/lib/thumb/v7e-m+fp/hard/libc.a(lib_a-memcpy.o)
                0x000000000002a830                memcpy
 .text          0x000000000002a964       0xa0 /usr/lib/gcc/arm-none-eabi/9.2.1/../../../arm-none-eabi/lib/thumb/v7e-m+fp/hard/libc.a(lib_a-memset.o)
                0x000000000002a964                memset
 .text          0x000000000002aa04       0x48 /usr/lib/gcc/arm-none-eabi/9.2.1/../../../arm-none-eabi/lib/thumb/v7e-m+fp/hard/libc.a(lib_a-printf.o)
                0x000000000002aa04                _printf_r
                0x000000000002aa24                printf
 .text          0x000000000002aa4c       0x10 /usr/lib/gcc/arm-none-eabi/9.2.1/../../../arm-none-eabi/lib/thumb/v7e-m+fp/hard/libc.a(lib_a-setbuf.o)
                0x000000000002aa4c                setbuf
 .text          0x000000000002aa5c      0x154 /usr/lib/gcc/arm-none-eabi/9.2.1/../../../arm-none-eabi/lib/thumb/v7e-m+fp/hard/libc.a(lib_a-setvbuf.o)
                0x000000000002aa5c                setvbuf
 .text          0x000000000002abb0       0xbc /usr/lib/gcc/arm-none-eabi/9.2.1/../../../arm-none-eabi/lib/thumb/v7e-m+fp/hard/libc.a(lib_a-strcpy.o)
                0x000000000002abb0                strcpy
 *fill*         0x000000000002ac6c       0x14 
 .text          0x000000000002ac80       0xdc /usr/lib/gcc/arm-none-eabi/9.2.1/../../../arm-none-eabi/lib/thumb/v7e-m+fp/hard/libc.a(lib_a-strlen.o)
                0x000000000002ac80                strlen
 *fill*         0x000000000002ad5c        0x4 
 .text          0x000000000002ad60     0x1580 /usr/lib/gcc/arm-none-eabi/9.2.1/../../../arm-none-eabi/lib/thumb/v7e-m+fp/hard/libc.a(lib_a-vfprintf.o)
                0x000000000002ad60                _vfprintf_r
                0x000000000002c25c                vfprintf
 .text          0x000000000002c2e0       0xd0 /usr/lib/gcc/arm-none-eabi/9.2.1/../../../arm-none-eabi/lib/thumb/v7e-m+fp/hard/libc.a(lib_a-wsetup.o)
                0x000000000002c2e0                __swsetup_r
 .text          0x000000000002c3b0       0x68 /usr/lib/gcc/arm-none-eabi/9.2.1/../../../arm-none-eabi/lib/thumb/v7e-m+fp/hard/libc.a(lib_a-__atexit.o)
                0x000000000002c3b0                __register_exitproc
 .text          0x000000000002c418       0x9c /usr/lib/gcc/arm-none-eabi/9.2.1/../../../arm-none-eabi/lib/thumb/v7e-m+fp/hard/libc.a(lib_a-__call_atexit.o)
                0x000000000002c418                __call_exitprocs
 .text.startup  0x000000000002c4b4       0x14 /usr/lib/gcc/arm-none-eabi/9.2.1/../../../arm-none-eabi/lib/thumb/v7e-m+fp/hard/libc.a(lib_a-__call_atexit.o)
 .text          0x000000000002c4c8      0xfc0 /usr/lib/gcc/arm-none-eabi/9.2.1/../../../arm-none-eabi/lib/thumb/v7e-m+fp/hard/libc.a(lib_a-dtoa.o)
                0x000000000002c5ec                _dtoa_r
 .text          0x000000000002d488      0x1a4 /usr/lib/gcc/arm-none-eabi/9.2.1/../../../arm-none-eabi/lib/thumb/v7e-m+fp/hard/libc.a(lib_a-fflush.o)
                0x000000000002d488                __sflush_r
                0x000000000002d5d4                _fflush_r
                0x000000000002d608                fflush
 .text          0x000000000002d62c      0x1f4 /usr/lib/gcc/arm-none-eabi/9.2.1/../../../arm-none-eabi/lib/thumb/v7e-m+fp/hard/libc.a(lib_a-findfp.o)
                0x000000000002d630                _cleanup_r
                0x000000000002d714                __sfmoreglue
                0x000000000002d744                __sfp
                0x000000000002d7cc                _cleanup
                0x000000000002d7e0                __sinit
                0x000000000002d7e8                __sfp_lock_acquire
                0x000000000002d7ec                __sfp_lock_release
                0x000000000002d7f0                __sinit_lock_acquire
                0x000000000002d7f4                __sinit_lock_release
                0x000000000002d7f8                __fp_lock_all
                0x000000000002d80c                __fp_unlock_all
 .text          0x000000000002d820      0x294 /usr/lib/gcc/arm-none-eabi/9.2.1/../../../arm-none-eabi/lib/thumb/v7e-m+fp/hard/libc.a(lib_a-freer.o)
                0x000000000002d820                _malloc_trim_r
                0x000000000002d8c0                _free_r
 .text          0x000000000002dab4       0xa0 /usr/lib/gcc/arm-none-eabi/9.2.1/../../../arm-none-eabi/lib/thumb/v7e-m+fp/hard/libc.a(lib_a-fwalk.o)
                0x000000000002dab4                _fwalk
                0x000000000002db00                _fwalk_reent
 .text          0x000000000002db54       0x14 /usr/lib/gcc/arm-none-eabi/9.2.1/../../../arm-none-eabi/lib/thumb/v7e-m+fp/hard/libc.a(lib_a-localeconv.o)
                0x000000000002db54                __localeconv_l
                0x000000000002db58                _localeconv_r
                0x000000000002db60                localeconv
 .text          0x000000000002db68       0xf0 /usr/lib/gcc/arm-none-eabi/9.2.1/../../../arm-none-eabi/lib/thumb/v7e-m+fp/hard/libc.a(lib_a-makebuf.o)
                0x000000000002db68                __swhatbuf_r
                0x000000000002dbc4                __smakebuf_r
 .text          0x000000000002dc58       0x20 /usr/lib/gcc/arm-none-eabi/9.2.1/../../../arm-none-eabi/lib/thumb/v7e-m+fp/hard/libc.a(lib_a-malloc.o)
                0x000000000002dc58                malloc
                0x000000000002dc68                free
 .text          0x000000000002dc78      0x564 /usr/lib/gcc/arm-none-eabi/9.2.1/../../../arm-none-eabi/lib/thumb/v7e-m+fp/hard/libc.a(lib_a-mallocr.o)
                0x000000000002dc78                _malloc_r
 *fill*         0x000000000002e1dc        0x4 
 .text          0x000000000002e1e0       0xa0 /usr/lib/gcc/arm-none-eabi/9.2.1/../../../arm-none-eabi/lib/thumb/v7e-m+fp/hard/libc.a(lib_a-memchr.o)
                0x000000000002e1e0                memchr
 .text          0x000000000002e280        0x8 /usr/lib/gcc/arm-none-eabi/9.2.1/../../../arm-none-eabi/lib/thumb/v7e-m+fp/hard/libc.a(lib_a-mlock.o)
                0x000000000002e280                __malloc_lock
                0x000000000002e284                __malloc_unlock
 .text          0x000000000002e288      0x9a8 /usr/lib/gcc/arm-none-eabi/9.2.1/../../../arm-none-eabi/lib/thumb/v7e-m+fp/hard/libc.a(lib_a-mprec.o)
                0x000000000002e288                _Balloc
                0x000000000002e2d4                _Bfree
                0x000000000002e2e8                __multadd
                0x000000000002e38c                __s2b
                0x000000000002e438                __hi0bits
                0x000000000002e478                __lo0bits
                0x000000000002e4d8                __i2b
                0x000000000002e504                __multiply
                0x000000000002e650                __pow5mult
                0x000000000002e6e8                __lshift
                0x000000000002e7b4                __mcmp
                0x000000000002e7ec                __mdiff
                0x000000000002e914                __ulp
                0x000000000002e964                __b2d
                0x000000000002ea1c                __d2b
                0x000000000002eaf0                __ratio
                0x000000000002eb50                _mprec_log10
                0x000000000002eb90                __copybits
                0x000000000002ebd8                __any_on
 .text          0x000000000002ec30       0x24 /usr/lib/gcc/arm-none-eabi/9.2.1/../../../arm-none-eabi/lib/thumb/v7e-m+fp/hard/libc.a(lib_a-sbrkr.o)
                0x000000000002ec30                _sbrk_r
 .text          0x000000000002ec54       0x90 /usr/lib/gcc/arm-none-eabi/9.2.1/../../../arm-none-eabi/lib/thumb/v7e-m+fp/hard/libc.a(lib_a-stdio.o)
                0x000000000002ec54                __sread
                0x000000000002ec78                __seofread
                0x000000000002ec7c                __swrite
                0x000000000002ecbc                __sseek
                0x000000000002ecdc                __sclose
 .text          0x000000000002ece4      0xd00 /usr/lib/gcc/arm-none-eabi/9.2.1/../../../arm-none-eabi/lib/thumb/v7e-m+fp/hard/libc.a(lib_a-vfiprintf.o)
                0x000000000002ed5c                __sprint_r
                0x000000000002ed70                _vfiprintf_r
                0x000000000002f960                vfiprintf
 .text          0x000000000002f9e4       0x48 /usr/lib/gcc/arm-none-eabi/9.2.1/../../../arm-none-eabi/lib/thumb/v7e-m+fp/hard/libc.a(lib_a-assert.o)
                0x000000000002f9e4                __assert_func
                0x000000000002fa20                __assert
 .text          0x000000000002fa2c       0x60 /usr/lib/gcc/arm-none-eabi/9.2.1/../../../arm-none-eabi/lib/thumb/v7e-m+fp/hard/libc.a(lib_a-callocr.o)
                0x000000000002fa2c                _calloc_r
 .text          0x000000000002fa8c       0x24 /usr/lib/gcc/arm-none-eabi/9.2.1/../../../arm-none-eabi/lib/thumb/v7e-m+fp/hard/libc.a(lib_a-closer.o)
                0x000000000002fa8c                _close_r
 .text          0x000000000002fab0       0x98 /usr/lib/gcc/arm-none-eabi/9.2.1/../../../arm-none-eabi/lib/thumb/v7e-m+fp/hard/libc.a(lib_a-fclose.o)
                0x000000000002fab0                _fclose_r
                0x000000000002fb38                fclose
 .text          0x000000000002fb48       0x44 /usr/lib/gcc/arm-none-eabi/9.2.1/../../../arm-none-eabi/lib/thumb/v7e-m+fp/hard/libc.a(lib_a-fiprintf.o)
                0x000000000002fb48                _fiprintf_r
                0x000000000002fb64                fiprintf
 .text          0x000000000002fb8c      0x110 /usr/lib/gcc/arm-none-eabi/9.2.1/../../../arm-none-eabi/lib/thumb/v7e-m+fp/hard/libc.a(lib_a-fputwc.o)
                0x000000000002fb8c                __fputwc
                0x000000000002fc34                _fputwc_r
                0x000000000002fc5c                fputwc
 .text          0x000000000002fc9c       0x28 /usr/lib/gcc/arm-none-eabi/9.2.1/../../../arm-none-eabi/lib/thumb/v7e-m+fp/hard/libc.a(lib_a-fstatr.o)
                0x000000000002fc9c                _fstat_r
 .text          0x000000000002fcc4      0x308 /usr/lib/gcc/arm-none-eabi/9.2.1/../../../arm-none-eabi/lib/thumb/v7e-m+fp/hard/libc.a(lib_a-fvwrite.o)
                0x000000000002fcc4                __sfvwrite_r
 .text          0x000000000002ffcc       0x24 /usr/lib/gcc/arm-none-eabi/9.2.1/../../../arm-none-eabi/lib/thumb/v7e-m+fp/hard/libc.a(lib_a-isattyr.o)
                0x000000000002ffcc                _isatty_r
 .text          0x000000000002fff0       0x5c /usr/lib/gcc/arm-none-eabi/9.2.1/../../../arm-none-eabi/lib/thumb/v7e-m+fp/hard/libc.a(lib_a-locale.o)
                0x000000000002fff0                _setlocale_r
                0x0000000000030030                __locale_mb_cur_max
                0x000000000003003c                setlocale
 .text          0x000000000003004c       0x2c /usr/lib/gcc/arm-none-eabi/9.2.1/../../../arm-none-eabi/lib/thumb/v7e-m+fp/hard/libc.a(lib_a-lseekr.o)
                0x000000000003004c                _lseek_r
 .text          0x0000000000030078       0x40 /usr/lib/gcc/arm-none-eabi/9.2.1/../../../arm-none-eabi/lib/thumb/v7e-m+fp/hard/libc.a(lib_a-mbtowc_r.o)
                0x0000000000030078                _mbtowc_r
                0x000000000003008c                __ascii_mbtowc
 .text          0x00000000000300b8       0xd0 /usr/lib/gcc/arm-none-eabi/9.2.1/../../../arm-none-eabi/lib/thumb/v7e-m+fp/hard/libc.a(lib_a-memmove.o)
                0x00000000000300b8                memmove
 .text          0x0000000000030188       0x2c /usr/lib/gcc/arm-none-eabi/9.2.1/../../../arm-none-eabi/lib/thumb/v7e-m+fp/hard/libc.a(lib_a-readr.o)
                0x0000000000030188                _read_r
 .text          0x00000000000301b4      0x36c /usr/lib/gcc/arm-none-eabi/9.2.1/../../../arm-none-eabi/lib/thumb/v7e-m+fp/hard/libc.a(lib_a-reallocr.o)
                0x00000000000301b4                _realloc_r
 .text          0x0000000000030520      0x2dc /usr/lib/gcc/arm-none-eabi/9.2.1/../../../arm-none-eabi/lib/thumb/v7e-m+fp/hard/libc.a(lib_a-strcmp.o)
                0x0000000000030528                strcmp
 .text          0x00000000000307fc       0xc0 /usr/lib/gcc/arm-none-eabi/9.2.1/../../../arm-none-eabi/lib/thumb/v7e-m+fp/hard/libc.a(lib_a-wbuf.o)
                0x00000000000307fc                __swbuf_r
                0x00000000000308ac                __swbuf
 .text          0x00000000000308bc       0x7c /usr/lib/gcc/arm-none-eabi/9.2.1/../../../arm-none-eabi/lib/thumb/v7e-m+fp/hard/libc.a(lib_a-wcrtomb.o)
                0x00000000000308bc                _wcrtomb_r
                0x00000000000308f0                wcrtomb
 .text          0x0000000000030938       0x30 /usr/lib/gcc/arm-none-eabi/9.2.1/../../../arm-none-eabi/lib/thumb/v7e-m+fp/hard/libc.a(lib_a-wctomb_r.o)
                0x0000000000030938                _wctomb_r
                0x000000000003094c                __ascii_wctomb
 .text          0x0000000000030968       0x10 /usr/lib/gcc/arm-none-eabi/9.2.1/../../../arm-none-eabi/lib/thumb/v7e-m+fp/hard/libc.a(lib_a-abort.o)
                0x0000000000030968                abort
 .text          0x0000000000030978      0x15c /usr/lib/gcc/arm-none-eabi/9.2.1/../../../arm-none-eabi/lib/thumb/v7e-m+fp/hard/libc.a(lib_a-signal.o)
                0x00000000000309a0                _init_signal_r
                0x00000000000309ac                _signal_r
                0x00000000000309e4                _raise_r
                0x0000000000030a3c                __sigtramp_r
                0x0000000000030a90                raise
                0x0000000000030aa0                signal
                0x0000000000030ab0                _init_signal
                0x0000000000030ac4                __sigtramp
 .text          0x0000000000030ad4       0x2c /usr/lib/gcc/arm-none-eabi/9.2.1/../../../arm-none-eabi/lib/thumb/v7e-m+fp/hard/libc.a(lib_a-signalr.o)
                0x0000000000030ad4                _kill_r
                0x0000000000030afc                _getpid_r
 .text          0x0000000000030b00       0x10 /usr/lib/gcc/arm-none-eabi/9.2.1/../../../arm-none-eabi/lib/thumb/v7e-m+fp/hard/libnosys.a(close.o)
                0x0000000000030b00                _close
 .text          0x0000000000030b10       0x10 /usr/lib/gcc/arm-none-eabi/9.2.1/../../../arm-none-eabi/lib/thumb/v7e-m+fp/hard/libnosys.a(fstat.o)
                0x0000000000030b10                _fstat
 .text          0x0000000000030b20       0x10 /usr/lib/gcc/arm-none-eabi/9.2.1/../../../arm-none-eabi/lib/thumb/v7e-m+fp/hard/libnosys.a(getpid.o)
                0x0000000000030b20                _getpid
 .text          0x0000000000030b30       0x10 /usr/lib/gcc/arm-none-eabi/9.2.1/../../../arm-none-eabi/lib/thumb/v7e-m+fp/hard/libnosys.a(isatty.o)
                0x0000000000030b30                _isatty
 .text          0x0000000000030b40       0x10 /usr/lib/gcc/arm-none-eabi/9.2.1/../../../arm-none-eabi/lib/thumb/v7e-m+fp/hard/libnosys.a(kill.o)
                0x0000000000030b40                _kill
 .text          0x0000000000030b50       0x10 /usr/lib/gcc/arm-none-eabi/9.2.1/../../../arm-none-eabi/lib/thumb/v7e-m+fp/hard/libnosys.a(lseek.o)
                0x0000000000030b50                _lseek
 .text          0x0000000000030b60       0x10 /usr/lib/gcc/arm-none-eabi/9.2.1/../../../arm-none-eabi/lib/thumb/v7e-m+fp/hard/libnosys.a(read.o)
                0x0000000000030b60                _read
 .text          0x0000000000030b70       0x1c /usr/lib/gcc/arm-none-eabi/9.2.1/../../../arm-none-eabi/lib/thumb/v7e-m+fp/hard/libnosys.a(sbrk.o)
                0x0000000000030b70                _sbrk
 .text          0x0000000000030b8c        0x4 /usr/lib/gcc/arm-none-eabi/9.2.1/../../../arm-none-eabi/lib/thumb/v7e-m+fp/hard/libnosys.a(_exit.o)
                0x0000000000030b8c                _exit
 .text          0x0000000000030b90      0x378 /usr/lib/gcc/arm-none-eabi/9.2.1/thumb/v7e-m+fp/hard/libgcc.a(_arm_addsubdf3.o)
                0x0000000000030b90                __aeabi_drsub
                0x0000000000030b98                __aeabi_dsub
                0x0000000000030b98                __subdf3
                0x0000000000030b9c                __adddf3
                0x0000000000030b9c                __aeabi_dadd
                0x0000000000030e14                __aeabi_ui2d
                0x0000000000030e14                __floatunsidf
                0x0000000000030e34                __floatsidf
                0x0000000000030e34                __aeabi_i2d
                0x0000000000030e58                __extendsfdf2
                0x0000000000030e58                __aeabi_f2d
                0x0000000000030e9c                __aeabi_ul2d
                0x0000000000030e9c                __floatundidf
                0x0000000000030eac                __floatdidf
                0x0000000000030eac                __aeabi_l2d
 .text          0x0000000000030f08      0x424 /usr/lib/gcc/arm-none-eabi/9.2.1/thumb/v7e-m+fp/hard/libgcc.a(_arm_muldivdf3.o)
                0x0000000000030f08                __aeabi_dmul
                0x0000000000030f08                __muldf3
                0x000000000003115c                __aeabi_ddiv
                0x000000000003115c                __divdf3
 .text          0x000000000003132c      0x110 /usr/lib/gcc/arm-none-eabi/9.2.1/thumb/v7e-m+fp/hard/libgcc.a(_arm_cmpdf2.o)
                0x000000000003132c                __gtdf2
                0x000000000003132c                __gedf2
                0x0000000000031334                __ltdf2
                0x0000000000031334                __ledf2
                0x000000000003133c                __cmpdf2
                0x000000000003133c                __eqdf2
                0x000000000003133c                __nedf2
                0x00000000000313b8                __aeabi_cdrcmple
                0x00000000000313c8                __aeabi_cdcmple
                0x00000000000313c8                __aeabi_cdcmpeq
                0x00000000000313d8                __aeabi_dcmpeq
                0x00000000000313ec                __aeabi_dcmplt
                0x0000000000031400                __aeabi_dcmple
                0x0000000000031414                __aeabi_dcmpge
                0x0000000000031428                __aeabi_dcmpgt
 .text          0x000000000003143c       0x2c /usr/lib/gcc/arm-none-eabi/9.2.1/thumb/v7e-m+fp/hard/libgcc.a(_arm_unorddf2.o)
                0x000000000003143c                __aeabi_dcmpun
                0x000000000003143c                __unorddf2
 .text          0x0000000000031468       0x50 /usr/lib/gcc/arm-none-eabi/9.2.1/thumb/v7e-m+fp/hard/libgcc.a(_arm_fixdfsi.o)
                0x0000000000031468                __fixdfsi
                0x0000000000031468                __aeabi_d2iz
 .text          0x00000000000314b8       0xa0 /usr/lib/gcc/arm-none-eabi/9.2.1/thumb/v7e-m+fp/hard/libgcc.a(_arm_truncdfsf2.o)
                0x00000000000314b8                __aeabi_d2f
                0x00000000000314b8                __truncdfsf2
 .text          0x0000000000031558       0x30 /usr/lib/gcc/arm-none-eabi/9.2.1/thumb/v7e-m+fp/hard/libgcc.a(_aeabi_uldivmod.o)
                0x0000000000031558                __aeabi_uldivmod
 .text          0x0000000000031588      0x2c4 /usr/lib/gcc/arm-none-eabi/9.2.1/thumb/v7e-m+fp/hard/libgcc.a(_udivmoddi4.o)
                0x0000000000031588                __udivmoddi4
 .text          0x000000000003184c        0x4 /usr/lib/gcc/arm-none-eabi/9.2.1/thumb/v7e-m+fp/hard/libgcc.a(_dvmd_tls.o)
                0x000000000003184c                __aeabi_ldiv0
                0x000000000003184c                __aeabi_idiv0
 *(.init)
 .init          0x0000000000031850        0x4 /usr/lib/gcc/arm-none-eabi/9.2.1/thumb/v7e-m+fp/hard/crti.o
                0x0000000000031850                _init
 .init          0x0000000000031854        0x8 /usr/lib/gcc/arm-none-eabi/9.2.1/thumb/v7e-m+fp/hard/crtn.o
 *(.fini)
 .fini          0x000000000003185c        0x4 /usr/lib/gcc/arm-none-eabi/9.2.1/thumb/v7e-m+fp/hard/crti.o
                0x000000000003185c                _fini
 .fini          0x0000000000031860        0x8 /usr/lib/gcc/arm-none-eabi/9.2.1/thumb/v7e-m+fp/hard/crtn.o
 *crtbegin.o(.ctors)
 *crtbegin?.o(.ctors)
 *(EXCLUDE_FILE(*crtend.o *crtend?.o) .ctors)
 *(SORT_BY_NAME(.ctors.*))
 *(.ctors)
 *crtbegin.o(.dtors)
 *crtbegin?.o(.dtors)
 *(EXCLUDE_FILE(*crtend.o *crtend?.o) .dtors)
 *(SORT_BY_NAME(.dtors.*))
 *(.dtors)
 *(.rodata*)
 .rodata.ble_evt_write.str1.1
                0x0000000000031868       0x8e _build/main.o
 .rodata.main.str1.1
                0x00000000000318f6       0x2b _build/main.o
 .rodata.str1.1
                0x0000000000031921        0xa _build/main.o
 *fill*         0x000000000003192b        0x1 
 .rodata        0x000000000003192c       0x20 _build/main.o
 .rodata.display_init.str1.1
                0x000000000003194c       0x5f _build/display.o
 *fill*         0x00000000000319ab        0x5 
 .rodata.delay_machine_code.8924
                0x00000000000319b0        0x6 _build/display.o
 .rodata.app_error_fault_handler.str1.1
                0x00000000000319b6       0xb7 _build/better_error_handling.o
 *fill*         0x0000000000031a6d        0x3 
 .rodata.delay_machine_code.8733
                0x0000000000031a70        0x6 _build/better_error_handling.o
 .rodata._DoInit.str1.1
                0x0000000000031a76       0x14 _build/SEGGER_RTT.o
 *fill*         0x0000000000031a8a        0x6 
 .rodata.delay_machine_code.9377
                0x0000000000031a90        0x6 _build/app_timer.o
 .rodata.app_util_critical_region_enter.str1.1
                0x0000000000031a96       0x4f _build/app_util_platform.o
 .rodata.HardFault_c_handler.str1.1
                0x0000000000031ae5      0x12e _build/hardfault_implementation.o
 .rodata.str1.1
                0x0000000000031c13      0x4c0 _build/hardfault_implementation.o
 *fill*         0x00000000000320d3        0x1 
 .rodata.cfsr_msgs.9572
                0x00000000000320d4       0x68 _build/hardfault_implementation.o
 .rodata.nrf_balloc_init.str1.1
                0x000000000003213c       0x4a _build/nrf_balloc.o
 .rodata.nrf_drv_clock_uninit.str1.1
                0x0000000000032186       0x49 _build/nrf_drv_clock.o
 .rodata.str1.1
                0x00000000000321cf        0x6 _build/nrf_drv_clock.o
 *fill*         0x00000000000321d5        0x3 
 .rodata        0x00000000000321d8       0x10 _build/nrf_drv_spi.o
 .rodata.str1.1
                0x00000000000321e8        0xd _build/nrf_fstorage.o
 .rodata.buf_prealloc.str1.1
                0x00000000000321f5       0x51 _build/nrf_log_frontend.o
 .rodata.nrf_log_frontend_dequeue.str1.1
                0x0000000000032246       0x11 _build/nrf_log_frontend.o
 .rodata.str1.1
                0x0000000000032257        0x4 _build/nrf_log_frontend.o
 .rodata.memobj_op.str1.1
                0x000000000003225b       0x4a _build/nrf_memobj.o
 .rodata.str1.1
                0x00000000000322a5        0x9 _build/nrf_pwr_mgmt.o
 *fill*         0x00000000000322ae        0x2 
 .rodata.pwr_mgmt_data
                0x00000000000322b0        0xc _build/nrf_pwr_mgmt.o
 .rodata.nrf_section_iter_init.str1.1
                0x00000000000322bc       0x63 _build/nrf_section_iter.o
 .rodata.str1.1
                0x000000000003231f      0x3ba _build/nrf_strerror.o
 .rodata.m_unknown_str
                0x00000000000326d9       0x13 _build/nrf_strerror.o
 .rodata.nrf_strerror_array
                0x00000000000326ec      0x128 _build/nrf_strerror.o
 .rodata.nrfx_clock_init.str1.1
                0x0000000000032814       0x47 _build/nrfx_clock.o
 .rodata.str1.1
                0x000000000003285b        0x6 _build/nrfx_clock.o
 .rodata.nrf_gpio_pin_port_decode.isra.0.part.0.str1.1
                0x0000000000032861       0x3d _build/nrfx_gpiote.o
 .rodata.nrfx_gpiote_out_init.str1.1
                0x000000000003289e       0x48 _build/nrfx_gpiote.o
 .rodata.str1.1
                0x00000000000328e6        0x7 _build/nrfx_gpiote.o
 .rodata.str1.1
                0x00000000000328ed        0x4 _build/nrfx_ppi.o
 .rodata.UARTE0_UART0_IRQHandler.str1.1
                0x00000000000328f1       0x49 _build/nrfx_prs.o
 .rodata.str1.1
                0x000000000003293a        0x4 _build/nrfx_prs.o
 .rodata.str1.1
                0x000000000003293e        0x4 _build/nrfx_pwm.o
 .rodata.str1.1
                0x0000000000032942        0x6 _build/nrfx_saadc.o
 .rodata.nrf_gpio_pin_port_decode.isra.0.part.0.str1.1
                0x0000000000032948       0x3d _build/nrfx_spim.o
 .rodata.SPIM1_SPIS1_TWIM1_TWIS1_SPI1_TWI1_IRQHandler.str1.1
                0x0000000000032948       0x46 _build/nrfx_spim.o
 .rodata.nrfx_spim_init.str1.1
                0x000000000003298e       0x3e _build/nrfx_spim.o
 .rodata.str1.1
                0x00000000000329cc        0x5 _build/nrfx_spim.o
 .rodata.str1.1
                0x00000000000329d1        0x6 _build/nrfx_timer.o
 .rodata.SPIM0_SPIS0_TWIM0_TWIS0_SPI0_TWI0_IRQHandler.str1.1
                0x00000000000329d7       0x46 _build/nrfx_twim.o
 .rodata.str1.1
                0x0000000000032a1d        0x5 _build/nrfx_twim.o
 .rodata.str1.1
                0x0000000000032a22        0x5 _build/nrfx_uart.o
 .rodata.str1.1
                0x0000000000032a27        0x6 _build/nrfx_uarte.o
 .rodata.data_length_update.str1.1
                0x0000000000032a2d       0xdf _build/nrf_ble_gatt.o
 .rodata.nrf_ble_gatt_on_ble_evt.str1.1
                0x0000000000032b0c       0x60 _build/nrf_ble_gatt.o
 .rodata.str1.1
                0x0000000000032b6c        0xd _build/nrf_ble_gatt.o
 .rodata.softdevices_evt_irq_enable.str1.1
                0x0000000000032b79       0x48 _build/nrf_sdh.o
 .rodata.str1.1
                0x0000000000032bc1        0x8 _build/nrf_sdh.o
 .rodata        0x0000000000032bc9        0x4 _build/nrf_sdh.o
 *fill*         0x0000000000032bcd        0x3 
 .rodata.sdh_req_observers
                0x0000000000032bd0        0xc _build/nrf_sdh.o
 .rodata.sdh_stack_observers
                0x0000000000032bdc        0xc _build/nrf_sdh.o
 .rodata.sdh_state_observers
                0x0000000000032be8        0xc _build/nrf_sdh.o
 .rodata.nrf_sdh_ble_evts_poll.part.0.str1.1
                0x0000000000032bf4       0x4c _build/nrf_sdh_ble.o
 .rodata.nrf_sdh_ble_default_cfg_set.str1.1
                0x0000000000032c40      0x1c9 _build/nrf_sdh_ble.o
 .rodata.nrf_sdh_ble_enable.str1.1
                0x0000000000032e09       0xa7 _build/nrf_sdh_ble.o
 .rodata.str1.1
                0x0000000000032eb0        0xc _build/nrf_sdh_ble.o
 .rodata.sdh_ble_observers
                0x0000000000032ebc        0xc _build/nrf_sdh_ble.o
 .rodata.on_ble_evt.str1.1
                0x0000000000032ec8       0x4b _build/simple_ble.o
 .rodata.assert_nrf_callback.str1.1
                0x0000000000032f13       0x25 _build/simple_ble.o
 .rodata.simple_ble_init.str1.1
                0x0000000000032f38       0x5e _build/simple_ble.o
                                         0x60 (size before relaxing)
 *fill*         0x0000000000032f96        0x2 
 .rodata        0x0000000000032f98      0x101 /usr/lib/gcc/arm-none-eabi/9.2.1/../../../arm-none-eabi/lib/thumb/v7e-m+fp/hard/libc.a(lib_a-ctype_.o)
                0x0000000000032f98                _ctype_
 *fill*         0x0000000000033099        0x3 
 .rodata        0x000000000003309c        0x4 /usr/lib/gcc/arm-none-eabi/9.2.1/../../../arm-none-eabi/lib/thumb/v7e-m+fp/hard/libc.a(lib_a-impure.o)
                0x000000000003309c                _global_impure_ptr
 .rodata        0x00000000000330a0       0x20 /usr/lib/gcc/arm-none-eabi/9.2.1/../../../arm-none-eabi/lib/thumb/v7e-m+fp/hard/libc.a(lib_a-vfprintf.o)
 .rodata.str1.4
                0x00000000000330c0       0x42 /usr/lib/gcc/arm-none-eabi/9.2.1/../../../arm-none-eabi/lib/thumb/v7e-m+fp/hard/libc.a(lib_a-vfprintf.o)
 *fill*         0x0000000000033102        0x2 
 .rodata.str1.4
                0x0000000000033104       0x56 /usr/lib/gcc/arm-none-eabi/9.2.1/../../../arm-none-eabi/lib/thumb/v7e-m+fp/hard/libc.a(lib_a-dtoa.o)
                                         0x5a (size before relaxing)
 *fill*         0x000000000003315a        0x6 
 .rodata        0x0000000000033160      0x128 /usr/lib/gcc/arm-none-eabi/9.2.1/../../../arm-none-eabi/lib/thumb/v7e-m+fp/hard/libc.a(lib_a-mprec.o)
                0x0000000000033170                __mprec_tens
                0x0000000000033238                __mprec_tinytens
                0x0000000000033260                __mprec_bigtens
 .rodata.str1.4
                0x0000000000033288       0x33 /usr/lib/gcc/arm-none-eabi/9.2.1/../../../arm-none-eabi/lib/thumb/v7e-m+fp/hard/libc.a(lib_a-mprec.o)
                                         0x47 (size before relaxing)
 *fill*         0x00000000000332bb        0x1 
 .rodata        0x00000000000332bc       0x20 /usr/lib/gcc/arm-none-eabi/9.2.1/../../../arm-none-eabi/lib/thumb/v7e-m+fp/hard/libc.a(lib_a-vfiprintf.o)
 .rodata.str1.4
                0x00000000000332dc       0x2f /usr/lib/gcc/arm-none-eabi/9.2.1/../../../arm-none-eabi/lib/thumb/v7e-m+fp/hard/libc.a(lib_a-vfiprintf.o)
 .rodata.str1.4
                0x00000000000332dc       0x3f /usr/lib/gcc/arm-none-eabi/9.2.1/../../../arm-none-eabi/lib/thumb/v7e-m+fp/hard/libc.a(lib_a-assert.o)
                                         0x43 (size before relaxing)
 *fill*         0x000000000003331b        0x1 
 .rodata.str1.4
                0x000000000003331c        0xe /usr/lib/gcc/arm-none-eabi/9.2.1/../../../arm-none-eabi/lib/thumb/v7e-m+fp/hard/libc.a(lib_a-locale.o)
                                         0x12 (size before relaxing)
 *(.eh_frame*)
 *fill*         0x000000000003332a        0x2 
 .eh_frame      0x000000000003332c        0x0 /usr/lib/gcc/arm-none-eabi/9.2.1/thumb/v7e-m+fp/hard/crtbegin.o
 .eh_frame      0x000000000003332c        0x4 /usr/lib/gcc/arm-none-eabi/9.2.1/thumb/v7e-m+fp/hard/crtend.o

.glue_7         0x0000000000033330        0x0
 .glue_7        0x0000000000033330        0x0 linker stubs

.glue_7t        0x0000000000033330        0x0
 .glue_7t       0x0000000000033330        0x0 linker stubs

.vfp11_veneer   0x0000000000033330        0x0
 .vfp11_veneer  0x0000000000033330        0x0 linker stubs

.v4_bx          0x0000000000033330        0x0
 .v4_bx         0x0000000000033330        0x0 linker stubs

.iplt           0x0000000000033330        0x0
 .iplt          0x0000000000033330        0x0 /usr/lib/gcc/arm-none-eabi/9.2.1/thumb/v7e-m+fp/hard/crtbegin.o

.mem_section_dummy_rom

.sdh_soc_observers
                0x0000000000033330       0x10
                [!provide]                        PROVIDE (__start_sdh_soc_observers = .)
 *(SORT_BY_NAME(.sdh_soc_observers*))
 .sdh_soc_observers0
                0x0000000000033330        0x8 _build/nrf_drv_clock.o
 .sdh_soc_observers1
                0x0000000000033338        0x8 _build/simple_ble.o
                [!provide]                        PROVIDE (__stop_sdh_soc_observers = .)

.crypto_data    0x0000000000033340        0x0
                [!provide]                        PROVIDE (__start_crypto_data = .)
 *(SORT_BY_NAME(.crypto_data*))
                [!provide]                        PROVIDE (__stop_crypto_data = .)

.log_const_data
                0x0000000000033340       0x98
                0x0000000000033340                PROVIDE (__start_log_const_data = .)
 *(SORT_BY_NAME(.log_const_data*))
 .log_const_data_CLOCK
                0x0000000000033340        0x8 _build/nrfx_clock.o
                0x0000000000033340                m_nrf_log_CLOCK_logs_data_const
 .log_const_data_GPIOTE
                0x0000000000033348        0x8 _build/nrfx_gpiote.o
                0x0000000000033348                m_nrf_log_GPIOTE_logs_data_const
 .log_const_data_PPI
                0x0000000000033350        0x8 _build/nrfx_ppi.o
                0x0000000000033350                m_nrf_log_PPI_logs_data_const
 .log_const_data_PRS
                0x0000000000033358        0x8 _build/nrfx_prs.o
                0x0000000000033358                m_nrf_log_PRS_logs_data_const
 .log_const_data_PWM
                0x0000000000033360        0x8 _build/nrfx_pwm.o
                0x0000000000033360                m_nrf_log_PWM_logs_data_const
 .log_const_data_SAADC
                0x0000000000033368        0x8 _build/nrfx_saadc.o
                0x0000000000033368                m_nrf_log_SAADC_logs_data_const
 .log_const_data_SPIM
                0x0000000000033370        0x8 _build/nrfx_spim.o
                0x0000000000033370                m_nrf_log_SPIM_logs_data_const
 .log_const_data_TIMER
                0x0000000000033378        0x8 _build/nrfx_timer.o
                0x0000000000033378                m_nrf_log_TIMER_logs_data_const
 .log_const_data_TWIM
                0x0000000000033380        0x8 _build/nrfx_twim.o
                0x0000000000033380                m_nrf_log_TWIM_logs_data_const
 .log_const_data_UART
                0x0000000000033388        0x8 _build/nrfx_uart.o
                0x0000000000033388                m_nrf_log_UART_logs_data_const
 .log_const_data_UARTE
                0x0000000000033390        0x8 _build/nrfx_uarte.o
                0x0000000000033390                m_nrf_log_UARTE_logs_data_const
 .log_const_data_app
                0x0000000000033398        0x8 _build/nrf_log_frontend.o
                0x0000000000033398                m_nrf_log_app_logs_data_const
 .log_const_data_clock
                0x00000000000333a0        0x8 _build/nrf_drv_clock.o
                0x00000000000333a0                m_nrf_log_clock_logs_data_const
 .log_const_data_hardfault
                0x00000000000333a8        0x8 _build/hardfault_implementation.o
                0x00000000000333a8                m_nrf_log_hardfault_logs_data_const
 .log_const_data_nrf_ble_gatt
                0x00000000000333b0        0x8 _build/nrf_ble_gatt.o
                0x00000000000333b0                m_nrf_log_nrf_ble_gatt_logs_data_const
 .log_const_data_nrf_fstorage
                0x00000000000333b8        0x8 _build/nrf_fstorage.o
                0x00000000000333b8                m_nrf_log_nrf_fstorage_logs_data_const
 .log_const_data_nrf_sdh
                0x00000000000333c0        0x8 _build/nrf_sdh.o
                0x00000000000333c0                m_nrf_log_nrf_sdh_logs_data_const
 .log_const_data_nrf_sdh_ble
                0x00000000000333c8        0x8 _build/nrf_sdh_ble.o
                0x00000000000333c8                m_nrf_log_nrf_sdh_ble_logs_data_const
 .log_const_data_pwr_mgmt
                0x00000000000333d0        0x8 _build/nrf_pwr_mgmt.o
                0x00000000000333d0                m_nrf_log_pwr_mgmt_logs_data_const
                0x00000000000333d8                PROVIDE (__stop_log_const_data = .)

.nrf_balloc     0x00000000000333d8       0x14
                [!provide]                        PROVIDE (__start_nrf_balloc = .)
 *(.nrf_balloc)
 .nrf_balloc    0x00000000000333d8       0x14 _build/nrf_log_frontend.o
                0x00000000000333d8                log_mempool
                [!provide]                        PROVIDE (__stop_nrf_balloc = .)

.nrf_queue      0x00000000000333ec       0x28
                [!provide]                        PROVIDE (__start_nrf_queue = .)
 *(.nrf_queue)
 .nrf_queue     0x00000000000333ec       0x28 _build/kobukiUtilities.o
                0x00000000000333ec                serial_queues_txq
                0x0000000000033400                serial_queues_rxq
                [!provide]                        PROVIDE (__stop_nrf_queue = .)

.sdh_state_observers
                0x0000000000033414        0x8
                0x0000000000033414                PROVIDE (__start_sdh_state_observers = .)
 *(SORT_BY_NAME(.sdh_state_observers*))
 .sdh_state_observers0
                0x0000000000033414        0x8 _build/nrf_drv_clock.o
                0x000000000003341c                PROVIDE (__stop_sdh_state_observers = .)

.sdh_stack_observers
                0x000000000003341c        0x8
                0x000000000003341c                PROVIDE (__start_sdh_stack_observers = .)
 *(SORT_BY_NAME(.sdh_stack_observers*))
 .sdh_stack_observers0
                0x000000000003341c        0x8 _build/nrf_sdh_ble.o
                0x0000000000033424                PROVIDE (__stop_sdh_stack_observers = .)

.sdh_req_observers
                0x0000000000033424        0x0
                0x0000000000033424                PROVIDE (__start_sdh_req_observers = .)
 *(SORT_BY_NAME(.sdh_req_observers*))
                0x0000000000033424                PROVIDE (__stop_sdh_req_observers = .)

.cli_command    0x0000000000033424        0x0
                [!provide]                        PROVIDE (__start_cli_command = .)
 *(.cli_command)
                [!provide]                        PROVIDE (__stop_cli_command = .)

.pwr_mgmt_data  0x0000000000033424        0x0
                0x0000000000033424                PROVIDE (__start_pwr_mgmt_data = .)
 *(SORT_BY_NAME(.pwr_mgmt_data*))
                0x0000000000033424                PROVIDE (__stop_pwr_mgmt_data = .)

.sdh_ble_observers
                0x0000000000033424       0x28
                0x0000000000033424                PROVIDE (__start_sdh_ble_observers = .)
 *(SORT_BY_NAME(.sdh_ble_observers*))
 .sdh_ble_observers1
                0x0000000000033424        0x8 _build/ble_conn_params.o
 .sdh_ble_observers1
                0x000000000003342c       0x10 _build/simple_ble.o
 .sdh_ble_observers2
                0x000000000003343c        0x8 _build/simple_ble.o
 .sdh_ble_observers3
                0x0000000000033444        0x8 _build/simple_ble.o
                0x000000000003344c                PROVIDE (__stop_sdh_ble_observers = .)

.dfu_trans      0x000000000003344c        0x0
                [!provide]                        PROVIDE (__start_dfu_trans = .)
 *(SORT_BY_NAME(.dfu_trans*))
                [!provide]                        PROVIDE (__stop_dfu_trans = .)

.ARM.extab
 *(.ARM.extab* .gnu.linkonce.armextab.*)
                0x000000000003344c                __exidx_start = .

.ARM.exidx      0x000000000003344c        0x8
 *(.ARM.exidx* .gnu.linkonce.armexidx.*)
 .ARM.exidx     0x000000000003344c        0x8 /usr/lib/gcc/arm-none-eabi/9.2.1/../../../arm-none-eabi/lib/thumb/v7e-m+fp/hard/crt0.o
                                         0x10 (size before relaxing)
 .ARM.exidx     0x0000000000033454        0x0 /usr/lib/gcc/arm-none-eabi/9.2.1/thumb/v7e-m+fp/hard/libgcc.a(_udivmoddi4.o)
                                          0x8 (size before relaxing)
                0x0000000000033454                __exidx_end = .
                0x0000000000033454                __etext = .

.rel.dyn        0x0000000000033454        0x0
 .rel.iplt      0x0000000000033454        0x0 /usr/lib/gcc/arm-none-eabi/9.2.1/thumb/v7e-m+fp/hard/crtbegin.o

.data           0x00000000200098a8      0xa1c load address 0x0000000000033454
                0x00000000200098a8                __data_start__ = .
 *(vtable)
 *(.data*)
 .data.ble_config
                0x00000000200098a8       0x10 _build/main.o
 .data.led1_state_char
                0x00000000200098b8        0xa _build/main.o
 *fill*         0x00000000200098c2        0x2 
 .data.led_service
                0x00000000200098c4       0x28 _build/main.o
 .data.led_state
                0x00000000200098ec        0x1 _build/main.o
 *fill*         0x00000000200098ed        0x1 
 .data.test_error_data
                0x00000000200098ee        0xa _build/main.o
 .data.m_adv_uuids
                0x00000000200098f8        0x4 _build/simple_ble.o
 .data.m_scan_buffer
                0x00000000200098fc        0x8 _build/simple_ble.o
 .data.SystemCoreClock
                0x0000000020009904        0x4 _build/system_nrf52.o
                0x0000000020009904                SystemCoreClock
 .data          0x0000000020009908      0x430 /usr/lib/gcc/arm-none-eabi/9.2.1/../../../arm-none-eabi/lib/thumb/v7e-m+fp/hard/libc.a(lib_a-impure.o)
                0x0000000020009908                _impure_ptr
 .data          0x0000000020009d38      0x410 /usr/lib/gcc/arm-none-eabi/9.2.1/../../../arm-none-eabi/lib/thumb/v7e-m+fp/hard/libc.a(lib_a-mallocr.o)
                0x0000000020009d38                __malloc_av_
                0x000000002000a140                __malloc_sbrk_base
                0x000000002000a144                __malloc_trim_threshold
 .data          0x000000002000a148      0x16c /usr/lib/gcc/arm-none-eabi/9.2.1/../../../arm-none-eabi/lib/thumb/v7e-m+fp/hard/libc.a(lib_a-locale.o)
                0x000000002000a148                __global_locale
                0x000000002000a2b4                . = ALIGN (0x4)
                0x000000002000a2b4                PROVIDE (__preinit_array_start = .)
 *(.preinit_array)
                0x000000002000a2b4                PROVIDE (__preinit_array_end = .)
                0x000000002000a2b4                . = ALIGN (0x4)
                0x000000002000a2b4                PROVIDE (__init_array_start = .)
 *(SORT_BY_NAME(.init_array.*))
 .init_array.00000
                0x000000002000a2b4        0x4 /usr/lib/gcc/arm-none-eabi/9.2.1/../../../arm-none-eabi/lib/thumb/v7e-m+fp/hard/libc.a(lib_a-__call_atexit.o)
 *(.init_array)
 .init_array    0x000000002000a2b8        0x4 /usr/lib/gcc/arm-none-eabi/9.2.1/thumb/v7e-m+fp/hard/crtbegin.o
 .init_array    0x000000002000a2bc        0x4 _build/before_startup.o
                0x000000002000a2c0                PROVIDE (__init_array_end = .)
                0x000000002000a2c0                . = ALIGN (0x4)
                0x000000002000a2c0                PROVIDE (__fini_array_start = .)
 *(SORT_BY_NAME(.fini_array.*))
 *(.fini_array)
 .fini_array    0x000000002000a2c0        0x4 /usr/lib/gcc/arm-none-eabi/9.2.1/thumb/v7e-m+fp/hard/crtbegin.o
                0x000000002000a2c4                PROVIDE (__fini_array_end = .)
 *(.jcr*)
                0x000000002000a2c4                . = ALIGN (0x4)
                0x000000002000a2c4                __data_end__ = .
LOAD /usr/lib/gcc/arm-none-eabi/9.2.1/thumb/v7e-m+fp/hard/crti.o
LOAD /usr/lib/gcc/arm-none-eabi/9.2.1/thumb/v7e-m+fp/hard/crtbegin.o
LOAD /usr/lib/gcc/arm-none-eabi/9.2.1/../../../arm-none-eabi/lib/thumb/v7e-m+fp/hard/crt0.o
START GROUP
LOAD _build/main.o
LOAD _build/display.o
LOAD _build/mpu9250.o
LOAD _build/kobukiUART.o
LOAD _build/kobukiSensor.o
LOAD _build/kobukiUtilities.o
LOAD _build/kobukiSensorPoll.o
LOAD _build/kobukiActuator.o
LOAD _build/better_error_handling.o
LOAD _build/max44009.o
LOAD _build/lsm9ds1.o
LOAD _build/opt3004.o
LOAD _build/SEGGER_RTT.o
LOAD _build/SEGGER_RTT_Syscalls_GCC.o
LOAD _build/SEGGER_RTT_printf.o
LOAD _build/app_error.o
LOAD _build/app_error_handler_gcc.o
LOAD _build/app_pwm.o
LOAD _build/app_scheduler.o
LOAD _build/app_timer.o
LOAD _build/app_uart.o
LOAD _build/app_util_platform.o
LOAD _build/before_startup.o
LOAD _build/ff.o
LOAD _build/hardfault_handler_gcc.o
LOAD _build/hardfault_implementation.o
LOAD _build/mmc_nrf.o
LOAD _build/nrf_assert.o
LOAD _build/nrf_atomic.o
LOAD _build/nrf_balloc.o
LOAD _build/nrf_drv_clock.o
LOAD _build/nrf_drv_ppi.o
LOAD _build/nrf_drv_spi.o
LOAD _build/nrf_drv_twi.o
LOAD _build/nrf_drv_uart.o
LOAD _build/nrf_fprintf.o
LOAD _build/nrf_fprintf_format.o
LOAD _build/nrf_fstorage.o
LOAD _build/nrf_log_backend_rtt.o
LOAD _build/nrf_log_backend_serial.o
LOAD _build/nrf_log_backend_uart.o
LOAD _build/nrf_log_default_backends.o
LOAD _build/nrf_log_frontend.o
LOAD _build/nrf_log_str_formatter.o
LOAD _build/nrf_memobj.o
LOAD _build/nrf_pwr_mgmt.o
LOAD _build/nrf_ringbuf.o
LOAD _build/nrf_queue.o
LOAD _build/nrf_section_iter.o
LOAD _build/nrf_serial.o
LOAD _build/nrf_strerror.o
LOAD _build/nrf_twi_mngr.o
LOAD _build/nrfx_clock.o
LOAD _build/nrfx_gpiote.o
LOAD _build/nrfx_ppi.o
LOAD _build/nrfx_prs.o
LOAD _build/nrfx_pwm.o
LOAD _build/nrfx_saadc.o
LOAD _build/nrfx_spi.o
LOAD _build/nrfx_spim.o
LOAD _build/nrfx_timer.o
LOAD _build/nrfx_twi.o
LOAD _build/nrfx_twim.o
LOAD _build/nrfx_uart.o
LOAD _build/nrfx_uarte.o
LOAD _build/simple_logger.o
LOAD _build/ble_advdata.o
LOAD _build/ble_advertising.o
LOAD _build/ble_conn_params.o
LOAD _build/ble_srv_common.o
LOAD _build/nrf_ble_gatt.o
LOAD _build/nrf_ble_qwr.o
LOAD _build/nrf_sdh.o
LOAD _build/nrf_sdh_ble.o
LOAD _build/simple_ble.o
LOAD _build/system_nrf52.o
LOAD _build/app_error_weak.o
LOAD _build/gcc_startup_nrf52.os
LOAD /usr/lib/gcc/arm-none-eabi/9.2.1/../../../arm-none-eabi/lib/thumb/v7e-m+fp/hard/libc.a
LOAD /usr/lib/gcc/arm-none-eabi/9.2.1/../../../arm-none-eabi/lib/thumb/v7e-m+fp/hard/libnosys.a
LOAD /usr/lib/gcc/arm-none-eabi/9.2.1/../../../arm-none-eabi/lib/thumb/v7e-m+fp/hard/libm.a
LOAD /usr/lib/gcc/arm-none-eabi/9.2.1/../../../arm-none-eabi/lib/thumb/v7e-m+fp/hard/libstdc++.a
END GROUP
START GROUP
LOAD /usr/lib/gcc/arm-none-eabi/9.2.1/thumb/v7e-m+fp/hard/libgcc.a
LOAD /usr/lib/gcc/arm-none-eabi/9.2.1/../../../arm-none-eabi/lib/thumb/v7e-m+fp/hard/libc.a
END GROUP
LOAD /usr/lib/gcc/arm-none-eabi/9.2.1/thumb/v7e-m+fp/hard/crtend.o
LOAD /usr/lib/gcc/arm-none-eabi/9.2.1/thumb/v7e-m+fp/hard/crtn.o
START GROUP
LOAD /usr/lib/gcc/arm-none-eabi/9.2.1/thumb/v7e-m+fp/hard/libgcc.a
LOAD /usr/lib/gcc/arm-none-eabi/9.2.1/../../../arm-none-eabi/lib/thumb/v7e-m+fp/hard/libc.a
LOAD /usr/lib/gcc/arm-none-eabi/9.2.1/../../../arm-none-eabi/lib/thumb/v7e-m+fp/hard/libnosys.a
END GROUP

.tm_clone_table
                0x000000002000a2c4        0x0 load address 0x0000000000033e70
 .tm_clone_table
                0x000000002000a2c4        0x0 /usr/lib/gcc/arm-none-eabi/9.2.1/thumb/v7e-m+fp/hard/crtbegin.o
 .tm_clone_table
                0x000000002000a2c4        0x0 /usr/lib/gcc/arm-none-eabi/9.2.1/thumb/v7e-m+fp/hard/crtend.o

.igot.plt       0x000000002000a2c4        0x0 load address 0x0000000000033e70
 .igot.plt      0x000000002000a2c4        0x0 /usr/lib/gcc/arm-none-eabi/9.2.1/thumb/v7e-m+fp/hard/crtbegin.o

.bootloader_settings_page
                0x000000000007f000        0x0
                [!provide]                        PROVIDE (__start_bootloader_settings_page = .)
 *(SORT_BY_NAME(.bootloader_settings_page*))
                [!provide]                        PROVIDE (__stop_bootloader_settings_page = .)

.uicr_bootloader_start_address
                0x0000000010001014        0x0
                [!provide]                        PROVIDE (__start_uicr_bootloader_start_address = .)
 *(SORT_BY_NAME(.uicr_bootloader_start_address*))
                [!provide]                        PROVIDE (__stop_uicr_bootloader_start_address = .)
                0x0000000010001014                . = ALIGN (0x4)

.mem_section_dummy_ram

.log_dynamic_data
                0x000000002000a2c4        0x0
                0x000000002000a2c4                PROVIDE (__start_log_dynamic_data = .)
 *(SORT_BY_NAME(.log_dynamic_data*))
                [!provide]                        PROVIDE (__stop_log_dynamic_data = .)

.cli_sorted_cmd_ptrs
                0x000000002000a2c4        0x0
                [!provide]                        PROVIDE (__start_cli_sorted_cmd_ptrs = .)
 *(.cli_sorted_cmd_ptrs)
                [!provide]                        PROVIDE (__stop_cli_sorted_cmd_ptrs = .)

.fs_data        0x000000002000a2c4        0x0
                0x000000002000a2c4                PROVIDE (__start_fs_data = .)
 *(.fs_data)
                0x000000002000a2c4                PROVIDE (__stop_fs_data = .)

.bss            0x000000002000a2c4     0x118c load address 0x0000000000033e70
                0x000000002000a2c4                . = ALIGN (0x4)
                0x000000002000a2c4                __bss_start__ = .
 *(.bss*)
 .bss           0x000000002000a2c4       0x1c /usr/lib/gcc/arm-none-eabi/9.2.1/thumb/v7e-m+fp/hard/crtbegin.o
 .bss.error_data
                0x000000002000a2e0        0x4 _build/main.o
 .bss.spi_instance
                0x000000002000a2e4        0x4 _build/display.o
 .bss.serial_queues_rxq_nrf_queue_buffer
                0x000000002000a2e8      0x201 _build/kobukiUtilities.o
 *fill*         0x000000002000a4e9        0x3 
 .bss.serial_queues_rxq_nrf_queue_cb
                0x000000002000a4ec        0xc _build/kobukiUtilities.o
 .bss.serial_queues_txq_nrf_queue_buffer
                0x000000002000a4f8      0x201 _build/kobukiUtilities.o
 *fill*         0x000000002000a6f9        0x3 
 .bss.serial_queues_txq_nrf_queue_cb
                0x000000002000a6fc        0xc _build/kobukiUtilities.o
 .bss._acDownBuffer
                0x000000002000a708       0x10 _build/SEGGER_RTT.o
 .bss._acUpBuffer
                0x000000002000a718      0x200 _build/SEGGER_RTT.o
 .bss.m_op_queue
                0x000000002000a918      0x10c _build/app_timer.o
 .bss.m_rtc1_reset
                0x000000002000aa24        0x1 _build/app_timer.o
 .bss.m_rtc1_running
                0x000000002000aa25        0x1 _build/app_timer.o
 *fill*         0x000000002000aa26        0x2 
 .bss.m_ticks_elapsed
                0x000000002000aa28        0x8 _build/app_timer.o
 .bss.m_ticks_elapsed_q_read_ind
                0x000000002000aa30        0x1 _build/app_timer.o
 .bss.m_ticks_elapsed_q_write_ind
                0x000000002000aa31        0x1 _build/app_timer.o
 *fill*         0x000000002000aa32        0x2 
 .bss.m_ticks_latest
                0x000000002000aa34        0x4 _build/app_timer.o
 .bss.mp_timer_id_head
                0x000000002000aa38        0x4 _build/app_timer.o
 .bss.m_clock_cb
                0x000000002000aa3c       0x14 _build/nrf_drv_clock.o
 .bss.m_contexts
                0x000000002000aa50        0xc _build/nrf_drv_spi.o
 .bss.m_handlers
                0x000000002000aa5c        0xc _build/nrf_drv_spi.o
 .bss.log_mempool_nrf_balloc_cb
                0x000000002000aa68        0x8 _build/nrf_log_frontend.o
 .bss.log_mempool_nrf_balloc_pool_mem
                0x000000002000aa70       0xc0 _build/nrf_log_frontend.o
 .bss.log_mempool_nrf_balloc_pool_stack
                0x000000002000ab30        0x8 _build/nrf_log_frontend.o
 .bss.m_log_data
                0x000000002000ab38      0x424 _build/nrf_log_frontend.o
 .bss.m_handlers_iter
                0x000000002000af5c        0x8 _build/nrf_pwr_mgmt.o
 .bss.m_shutdown_started
                0x000000002000af64        0x1 _build/nrf_pwr_mgmt.o
 *fill*         0x000000002000af65        0x3 
 .bss.m_sysoff_mtx
                0x000000002000af68        0x4 _build/nrf_pwr_mgmt.o
 .bss.m_clock_cb
                0x000000002000af6c        0x8 _build/nrfx_clock.o
 .bss.m_cb      0x000000002000af74       0x5c _build/nrfx_gpiote.o
 .bss.m_prs_box_4
                0x000000002000afd0        0x8 _build/nrfx_prs.o
 .bss.m_cb      0x000000002000afd8       0x18 _build/nrfx_pwm.o
 .bss.m_cb      0x000000002000aff0       0x30 _build/nrfx_saadc.o
 .bss.m_cb      0x000000002000b020       0x24 _build/nrfx_spim.o
 .bss.m_cb      0x000000002000b044       0x18 _build/nrfx_timer.o
 .bss.m_cb      0x000000002000b05c       0x34 _build/nrfx_twim.o
 .bss.m_conn_params_config
                0x000000002000b090       0x1c _build/ble_conn_params.o
 .bss.m_conn_params_instances
                0x000000002000b0ac       0x14 _build/ble_conn_params.o
 .bss.m_preferred_conn_params
                0x000000002000b0c0        0x8 _build/ble_conn_params.o
 .bss.m_timer_data
                0x000000002000b0c8       0x20 _build/ble_conn_params.o
 .bss.m_nrf_sdh_continue
                0x000000002000b0e8        0x1 _build/nrf_sdh.o
 .bss.m_nrf_sdh_enabled
                0x000000002000b0e9        0x1 _build/nrf_sdh.o
 .bss.m_nrf_sdh_suspended
                0x000000002000b0ea        0x1 _build/nrf_sdh.o
 .bss.m_stack_is_enabled
                0x000000002000b0eb        0x1 _build/nrf_sdh_ble.o
 .bss.ble_config
                0x000000002000b0ec        0x4 _build/simple_ble.o
 .bss.m_advertising
                0x000000002000b0f0      0x258 _build/simple_ble.o
 .bss.m_gatt    0x000000002000b348       0x14 _build/simple_ble.o
 .bss.m_qwr     0x000000002000b35c        0xc _build/simple_ble.o
 .bss.scan_buffer
                0x000000002000b368       0x1f _build/simple_ble.o
 *fill*         0x000000002000b387        0x1 
 .bss           0x000000002000b388       0x34 /usr/lib/gcc/arm-none-eabi/9.2.1/../../../arm-none-eabi/lib/thumb/v7e-m+fp/hard/libc.a(lib_a-mallocr.o)
                0x000000002000b388                __malloc_top_pad
                0x000000002000b38c                __malloc_current_mallinfo
                0x000000002000b3b4                __malloc_max_sbrked_mem
                0x000000002000b3b8                __malloc_max_total_mem
 .bss           0x000000002000b3bc        0x4 /usr/lib/gcc/arm-none-eabi/9.2.1/../../../arm-none-eabi/lib/thumb/v7e-m+fp/hard/libnosys.a(sbrk.o)
 *(COMMON)
 COMMON         0x000000002000b3c0        0x4 _build/main.o
                0x000000002000b3c0                simple_ble_app
 COMMON         0x000000002000b3c4       0x78 _build/SEGGER_RTT.o
                0x000000002000b3c4                _SEGGER_RTT
 COMMON         0x000000002000b43c        0xc _build/app_util_platform.o
                0x000000002000b43c                nrf_nvic_state
 COMMON         0x000000002000b448        0x2 _build/simple_ble.o
                0x000000002000b448                app
 *fill*         0x000000002000b44a        0x2 
 COMMON         0x000000002000b44c        0x4 /usr/lib/gcc/arm-none-eabi/9.2.1/../../../arm-none-eabi/lib/thumb/v7e-m+fp/hard/libc.a(lib_a-reent.o)
                0x000000002000b44c                errno
                0x000000002000b450                . = ALIGN (0x4)
                0x000000002000b450                __bss_end__ = .

.heap           0x000000002000b450     0x2000
                0x000000002000b450                __HeapBase = .
                0x000000002000b450                __end__ = .
                0x000000002000b450                PROVIDE (end = .)
 *(.heap*)
 .heap          0x000000002000b450     0x2000 _build/gcc_startup_nrf52.os
                0x000000002000d450                __HeapLimit = .

.stack_dummy    0x000000002000b450     0x2000
 *(.stack*)
 .stack         0x000000002000b450     0x2000 _build/gcc_startup_nrf52.os
                0x0000000020010000                __StackTop = (ORIGIN (RAM) + LENGTH (RAM))
                0x000000002000e000                __StackLimit = (__StackTop - SIZEOF (.stack_dummy))
                0x0000000020010000                PROVIDE (__stack = __StackTop)
                0x0000000000000001                ASSERT ((__StackLimit >= __HeapLimit), region RAM overflowed with stack)
                0x0000000000000a1c                DataInitFlashUsed = (__bss_start__ - __data_start__)
                0x000000000000d454                CodeFlashUsed = (__etext - ORIGIN (FLASH))
                0x000000000000de70                TotalFlashUsed = (CodeFlashUsed + DataInitFlashUsed)
                0x0000000000000001                ASSERT ((TotalFlashUsed <= LENGTH (FLASH)), region FLASH overflowed with .data and user data)
OUTPUT(_build/RoboWaiter_sdk15_s132.elf elf32-littlearm)
LOAD linker stubs

.ARM.attributes
                0x0000000000000000       0x30
 .ARM.attributes
                0x0000000000000000       0x1e /usr/lib/gcc/arm-none-eabi/9.2.1/thumb/v7e-m+fp/hard/crti.o
 .ARM.attributes
                0x000000000000001e       0x34 /usr/lib/gcc/arm-none-eabi/9.2.1/thumb/v7e-m+fp/hard/crtbegin.o
 .ARM.attributes
                0x0000000000000052       0x1c /usr/lib/gcc/arm-none-eabi/9.2.1/../../../arm-none-eabi/lib/thumb/v7e-m+fp/hard/crt0.o
 .ARM.attributes
                0x000000000000006e       0x34 _build/main.o
 .ARM.attributes
                0x00000000000000a2       0x34 _build/display.o
 .ARM.attributes
                0x00000000000000d6       0x34 _build/kobukiUtilities.o
 .ARM.attributes
                0x000000000000010a       0x34 _build/better_error_handling.o
 .ARM.attributes
                0x000000000000013e       0x34 _build/SEGGER_RTT.o
 .ARM.attributes
                0x0000000000000172       0x34 _build/SEGGER_RTT_Syscalls_GCC.o
 .ARM.attributes
                0x00000000000001a6       0x34 _build/app_error_handler_gcc.o
 .ARM.attributes
                0x00000000000001da       0x34 _build/app_timer.o
 .ARM.attributes
                0x000000000000020e       0x34 _build/app_util_platform.o
 .ARM.attributes
                0x0000000000000242       0x34 _build/before_startup.o
 .ARM.attributes
                0x0000000000000276       0x34 _build/hardfault_handler_gcc.o
 .ARM.attributes
                0x00000000000002aa       0x34 _build/hardfault_implementation.o
 .ARM.attributes
                0x00000000000002de       0x34 _build/nrf_atomic.o
 .ARM.attributes
                0x0000000000000312       0x34 _build/nrf_balloc.o
 .ARM.attributes
                0x0000000000000346       0x34 _build/nrf_drv_clock.o
 .ARM.attributes
                0x000000000000037a       0x34 _build/nrf_drv_spi.o
 .ARM.attributes
                0x00000000000003ae       0x34 _build/nrf_fstorage.o
 .ARM.attributes
                0x00000000000003e2       0x34 _build/nrf_log_frontend.o
 .ARM.attributes
                0x0000000000000416       0x34 _build/nrf_memobj.o
 .ARM.attributes
                0x000000000000044a       0x34 _build/nrf_pwr_mgmt.o
 .ARM.attributes
                0x000000000000047e       0x34 _build/nrf_section_iter.o
 .ARM.attributes
                0x00000000000004b2       0x34 _build/nrf_strerror.o
 .ARM.attributes
                0x00000000000004e6       0x34 _build/nrfx_clock.o
 .ARM.attributes
                0x000000000000051a       0x34 _build/nrfx_gpiote.o
 .ARM.attributes
                0x000000000000054e       0x34 _build/nrfx_ppi.o
 .ARM.attributes
                0x0000000000000582       0x34 _build/nrfx_prs.o
 .ARM.attributes
                0x00000000000005b6       0x34 _build/nrfx_pwm.o
 .ARM.attributes
                0x00000000000005ea       0x34 _build/nrfx_saadc.o
 .ARM.attributes
                0x000000000000061e       0x34 _build/nrfx_spim.o
 .ARM.attributes
                0x0000000000000652       0x34 _build/nrfx_timer.o
 .ARM.attributes
                0x0000000000000686       0x34 _build/nrfx_twim.o
 .ARM.attributes
                0x00000000000006ba       0x34 _build/nrfx_uart.o
 .ARM.attributes
                0x00000000000006ee       0x34 _build/nrfx_uarte.o
 .ARM.attributes
                0x0000000000000722       0x34 _build/ble_advdata.o
 .ARM.attributes
                0x0000000000000756       0x34 _build/ble_advertising.o
 .ARM.attributes
                0x000000000000078a       0x34 _build/ble_conn_params.o
 .ARM.attributes
                0x00000000000007be       0x34 _build/ble_srv_common.o
 .ARM.attributes
                0x00000000000007f2       0x34 _build/nrf_ble_gatt.o
 .ARM.attributes
                0x0000000000000826       0x34 _build/nrf_ble_qwr.o
 .ARM.attributes
                0x000000000000085a       0x34 _build/nrf_sdh.o
 .ARM.attributes
                0x000000000000088e       0x34 _build/nrf_sdh_ble.o
 .ARM.attributes
                0x00000000000008c2       0x34 _build/simple_ble.o
 .ARM.attributes
                0x00000000000008f6       0x34 _build/system_nrf52.o
 .ARM.attributes
                0x000000000000092a       0x1c _build/gcc_startup_nrf52.os
 .ARM.attributes
                0x0000000000000946       0x34 /usr/lib/gcc/arm-none-eabi/9.2.1/../../../arm-none-eabi/lib/thumb/v7e-m+fp/hard/libc.a(lib_a-atexit.o)
 .ARM.attributes
                0x000000000000097a       0x32 /usr/lib/gcc/arm-none-eabi/9.2.1/../../../arm-none-eabi/lib/thumb/v7e-m+fp/hard/libc.a(lib_a-ctype_.o)
 .ARM.attributes
                0x00000000000009ac       0x34 /usr/lib/gcc/arm-none-eabi/9.2.1/../../../arm-none-eabi/lib/thumb/v7e-m+fp/hard/libc.a(lib_a-exit.o)
 .ARM.attributes
                0x00000000000009e0       0x34 /usr/lib/gcc/arm-none-eabi/9.2.1/../../../arm-none-eabi/lib/thumb/v7e-m+fp/hard/libc.a(lib_a-fini.o)
 .ARM.attributes
                0x0000000000000a14       0x32 /usr/lib/gcc/arm-none-eabi/9.2.1/../../../arm-none-eabi/lib/thumb/v7e-m+fp/hard/libc.a(lib_a-impure.o)
 .ARM.attributes
                0x0000000000000a46       0x34 /usr/lib/gcc/arm-none-eabi/9.2.1/../../../arm-none-eabi/lib/thumb/v7e-m+fp/hard/libc.a(lib_a-init.o)
 .ARM.attributes
                0x0000000000000a7a       0x1c /usr/lib/gcc/arm-none-eabi/9.2.1/../../../arm-none-eabi/lib/thumb/v7e-m+fp/hard/libc.a(lib_a-memcpy.o)
 .ARM.attributes
                0x0000000000000a96       0x34 /usr/lib/gcc/arm-none-eabi/9.2.1/../../../arm-none-eabi/lib/thumb/v7e-m+fp/hard/libc.a(lib_a-memset.o)
 .ARM.attributes
                0x0000000000000aca       0x34 /usr/lib/gcc/arm-none-eabi/9.2.1/../../../arm-none-eabi/lib/thumb/v7e-m+fp/hard/libc.a(lib_a-printf.o)
 .ARM.attributes
                0x0000000000000afe       0x34 /usr/lib/gcc/arm-none-eabi/9.2.1/../../../arm-none-eabi/lib/thumb/v7e-m+fp/hard/libc.a(lib_a-setbuf.o)
 .ARM.attributes
                0x0000000000000b32       0x34 /usr/lib/gcc/arm-none-eabi/9.2.1/../../../arm-none-eabi/lib/thumb/v7e-m+fp/hard/libc.a(lib_a-setvbuf.o)
 .ARM.attributes
                0x0000000000000b66       0x34 /usr/lib/gcc/arm-none-eabi/9.2.1/../../../arm-none-eabi/lib/thumb/v7e-m+fp/hard/libc.a(lib_a-strcpy.o)
 .ARM.attributes
                0x0000000000000b9a       0x1c /usr/lib/gcc/arm-none-eabi/9.2.1/../../../arm-none-eabi/lib/thumb/v7e-m+fp/hard/libc.a(lib_a-strlen.o)
 .ARM.attributes
                0x0000000000000bb6       0x34 /usr/lib/gcc/arm-none-eabi/9.2.1/../../../arm-none-eabi/lib/thumb/v7e-m+fp/hard/libc.a(lib_a-vfprintf.o)
 .ARM.attributes
                0x0000000000000bea       0x34 /usr/lib/gcc/arm-none-eabi/9.2.1/../../../arm-none-eabi/lib/thumb/v7e-m+fp/hard/libc.a(lib_a-wsetup.o)
 .ARM.attributes
                0x0000000000000c1e       0x34 /usr/lib/gcc/arm-none-eabi/9.2.1/../../../arm-none-eabi/lib/thumb/v7e-m+fp/hard/libc.a(lib_a-__atexit.o)
 .ARM.attributes
                0x0000000000000c52       0x34 /usr/lib/gcc/arm-none-eabi/9.2.1/../../../arm-none-eabi/lib/thumb/v7e-m+fp/hard/libc.a(lib_a-__call_atexit.o)
 .ARM.attributes
                0x0000000000000c86       0x34 /usr/lib/gcc/arm-none-eabi/9.2.1/../../../arm-none-eabi/lib/thumb/v7e-m+fp/hard/libc.a(lib_a-dtoa.o)
 .ARM.attributes
                0x0000000000000cba       0x34 /usr/lib/gcc/arm-none-eabi/9.2.1/../../../arm-none-eabi/lib/thumb/v7e-m+fp/hard/libc.a(lib_a-fflush.o)
 .ARM.attributes
                0x0000000000000cee       0x34 /usr/lib/gcc/arm-none-eabi/9.2.1/../../../arm-none-eabi/lib/thumb/v7e-m+fp/hard/libc.a(lib_a-findfp.o)
 .ARM.attributes
                0x0000000000000d22       0x34 /usr/lib/gcc/arm-none-eabi/9.2.1/../../../arm-none-eabi/lib/thumb/v7e-m+fp/hard/libc.a(lib_a-freer.o)
 .ARM.attributes